Component: Arm Compiler for Embedded 6.21 Tool: armlink [5ec1fa00]

==============================================================================

Section Cross References

    pll.o(.ARM.exidx.text.PLL_Init) refers to pll.o(.text.PLL_Init) for [Anonymous Symbol]
    systick.o(.ARM.exidx.text.SysTick_Init) refers to systick.o(.text.SysTick_Init) for [Anonymous Symbol]
    systick.o(.ARM.exidx.text.SysTick_Wait) refers to systick.o(.text.SysTick_Wait) for [Anonymous Symbol]
    systick.o(.text.SysTick_Wait10ms) refers to systick.o(.text.SysTick_Wait) for SysTick_Wait
    systick.o(.ARM.exidx.text.SysTick_Wait10ms) refers to systick.o(.text.SysTick_Wait10ms) for [Anonymous Symbol]
    systick.o(.text.SysTick_Wait10us) refers to systick.o(.text.SysTick_Wait) for SysTick_Wait
    systick.o(.ARM.exidx.text.SysTick_Wait10us) refers to systick.o(.text.SysTick_Wait10us) for [Anonymous Symbol]
    vl53l1_platform_2dx4.o(.ARM.exidx.text.beginTxI2C) refers to vl53l1_platform_2dx4.o(.text.beginTxI2C) for [Anonymous Symbol]
    vl53l1_platform_2dx4.o(.ARM.exidx.text.beginRxI2C) refers to vl53l1_platform_2dx4.o(.text.beginRxI2C) for [Anonymous Symbol]
    vl53l1_platform_2dx4.o(.text.writeRegisterIndex) refers to onboardleds.o(.text.FlashI2CTx) for FlashI2CTx
    vl53l1_platform_2dx4.o(.text.writeRegisterIndex) refers to systick.o(.text.SysTick_Wait) for SysTick_Wait
    vl53l1_platform_2dx4.o(.text.writeRegisterIndex) refers to onboardleds.o(.text.FlashI2CError) for FlashI2CError
    vl53l1_platform_2dx4.o(.ARM.exidx.text.writeRegisterIndex) refers to vl53l1_platform_2dx4.o(.text.writeRegisterIndex) for [Anonymous Symbol]
    vl53l1_platform_2dx4.o(.text.writeRegisterIndex_nostop) refers to onboardleds.o(.text.FlashI2CTx) for FlashI2CTx
    vl53l1_platform_2dx4.o(.text.writeRegisterIndex_nostop) refers to systick.o(.text.SysTick_Wait) for SysTick_Wait
    vl53l1_platform_2dx4.o(.text.writeRegisterIndex_nostop) refers to onboardleds.o(.text.FlashI2CError) for FlashI2CError
    vl53l1_platform_2dx4.o(.ARM.exidx.text.writeRegisterIndex_nostop) refers to vl53l1_platform_2dx4.o(.text.writeRegisterIndex_nostop) for [Anonymous Symbol]
    vl53l1_platform_2dx4.o(.text.writeI2C) refers to onboardleds.o(.text.FlashI2CTx) for FlashI2CTx
    vl53l1_platform_2dx4.o(.text.writeI2C) refers to systick.o(.text.SysTick_Wait) for SysTick_Wait
    vl53l1_platform_2dx4.o(.text.writeI2C) refers to onboardleds.o(.text.FlashI2CError) for FlashI2CError
    vl53l1_platform_2dx4.o(.ARM.exidx.text.writeI2C) refers to vl53l1_platform_2dx4.o(.text.writeI2C) for [Anonymous Symbol]
    vl53l1_platform_2dx4.o(.text.readI2C) refers to onboardleds.o(.text.FlashI2CRx) for FlashI2CRx
    vl53l1_platform_2dx4.o(.text.readI2C) refers to systick.o(.text.SysTick_Wait) for SysTick_Wait
    vl53l1_platform_2dx4.o(.text.readI2C) refers to onboardleds.o(.text.FlashI2CError) for FlashI2CError
    vl53l1_platform_2dx4.o(.ARM.exidx.text.readI2C) refers to vl53l1_platform_2dx4.o(.text.readI2C) for [Anonymous Symbol]
    vl53l1_platform_2dx4.o(.text.VL53L1_WriteMulti) refers to vl53l1_platform_2dx4.o(.text.beginTxI2C) for beginTxI2C
    vl53l1_platform_2dx4.o(.text.VL53L1_WriteMulti) refers to vl53l1_platform_2dx4.o(.text.writeRegisterIndex) for writeRegisterIndex
    vl53l1_platform_2dx4.o(.text.VL53L1_WriteMulti) refers to vl53l1_platform_2dx4.o(.text.writeI2C) for writeI2C
    vl53l1_platform_2dx4.o(.ARM.exidx.text.VL53L1_WriteMulti) refers to vl53l1_platform_2dx4.o(.text.VL53L1_WriteMulti) for [Anonymous Symbol]
    vl53l1_platform_2dx4.o(.text.VL53L1_ReadMulti) refers to vl53l1_platform_2dx4.o(.text.beginTxI2C) for beginTxI2C
    vl53l1_platform_2dx4.o(.text.VL53L1_ReadMulti) refers to vl53l1_platform_2dx4.o(.text.writeRegisterIndex) for writeRegisterIndex
    vl53l1_platform_2dx4.o(.text.VL53L1_ReadMulti) refers to vl53l1_platform_2dx4.o(.text.beginRxI2C) for beginRxI2C
    vl53l1_platform_2dx4.o(.text.VL53L1_ReadMulti) refers to vl53l1_platform_2dx4.o(.text.readI2C) for readI2C
    vl53l1_platform_2dx4.o(.ARM.exidx.text.VL53L1_ReadMulti) refers to vl53l1_platform_2dx4.o(.text.VL53L1_ReadMulti) for [Anonymous Symbol]
    vl53l1_platform_2dx4.o(.text.VL53L1_WrByte) refers to vl53l1_platform_2dx4.o(.text.beginTxI2C) for beginTxI2C
    vl53l1_platform_2dx4.o(.text.VL53L1_WrByte) refers to vl53l1_platform_2dx4.o(.text.writeRegisterIndex_nostop) for writeRegisterIndex_nostop
    vl53l1_platform_2dx4.o(.text.VL53L1_WrByte) refers to vl53l1_platform_2dx4.o(.text.writeI2C) for writeI2C
    vl53l1_platform_2dx4.o(.ARM.exidx.text.VL53L1_WrByte) refers to vl53l1_platform_2dx4.o(.text.VL53L1_WrByte) for [Anonymous Symbol]
    vl53l1_platform_2dx4.o(.text.VL53L1_WrWord) refers to vl53l1_platform_2dx4.o(.text.beginTxI2C) for beginTxI2C
    vl53l1_platform_2dx4.o(.text.VL53L1_WrWord) refers to vl53l1_platform_2dx4.o(.text.writeRegisterIndex) for writeRegisterIndex
[...]
    x$fpl$basic                              0x00003df0   Section       24  basic.o(x$fpl$basic)
    $v0                                      0x00003e08   Number         0  d2f.o(x$fpl$d2f)
    x$fpl$d2f                                0x00003e08   Section       98  d2f.o(x$fpl$d2f)
    $v0                                      0x00003e6c   Number         0  daddsub_clz.o(x$fpl$dadd)
    x$fpl$dadd                               0x00003e6c   Section      336  daddsub_clz.o(x$fpl$dadd)
    _dadd1                                   0x00003e7d   Thumb Code     0  daddsub_clz.o(x$fpl$dadd)
    $v0                                      0x00003fbc   Number         0  ddiv.o(x$fpl$ddiv)
    x$fpl$ddiv                               0x00003fbc   Section      692  ddiv.o(x$fpl$ddiv)
    ddiv_entry                               0x00003fc3   Thumb Code     0  ddiv.o(x$fpl$ddiv)
    $v0                                      0x00004270   Number         0  dfix.o(x$fpl$dfix)
    x$fpl$dfix                               0x00004270   Section       94  dfix.o(x$fpl$dfix)
    $v0                                      0x000042ce   Number         0  dflt_clz.o(x$fpl$dflt)
    x$fpl$dflt                               0x000042ce   Section       46  dflt_clz.o(x$fpl$dflt)
    $v0                                      0x000042fc   Number         0  dflt_clz.o(x$fpl$dfltu)
    x$fpl$dfltu                              0x000042fc   Section       38  dflt_clz.o(x$fpl$dfltu)
    $v0                                      0x00004324   Number         0  dmul.o(x$fpl$dmul)
    x$fpl$dmul                               0x00004324   Section      340  dmul.o(x$fpl$dmul)
    $v0                                      0x00004478   Number         0  dnaninf.o(x$fpl$dnaninf)
    x$fpl$dnaninf                            0x00004478   Section      156  dnaninf.o(x$fpl$dnaninf)
    $v0                                      0x00004514   Number         0  dretinf.o(x$fpl$dretinf)
    x$fpl$dretinf                            0x00004514   Section       12  dretinf.o(x$fpl$dretinf)
    $v0                                      0x00004520   Number         0  daddsub_clz.o(x$fpl$drsb)
    x$fpl$drsb                               0x00004520   Section       22  daddsub_clz.o(x$fpl$drsb)
    $v0                                      0x00004538   Number         0  daddsub_clz.o(x$fpl$dsub)
    x$fpl$dsub                               0x00004538   Section      476  daddsub_clz.o(x$fpl$dsub)
    _dsub1                                   0x00004549   Thumb Code     0  daddsub_clz.o(x$fpl$dsub)
    $v0                                      0x00004714   Number         0  f2d.o(x$fpl$f2d)
    x$fpl$f2d                                0x00004714   Section       86  f2d.o(x$fpl$f2d)
    $v0                                      0x0000476a   Number         0  fnaninf.o(x$fpl$fnaninf)
    x$fpl$fnaninf                            0x0000476a   Section      140  fnaninf.o(x$fpl$fnaninf)
    $v0                                      0x000047f6   Number         0  fpinit.o(x$fpl$fpinit)
    x$fpl$fpinit                             0x000047f6   Section       26  fpinit.o(x$fpl$fpinit)
    $v0                                      0x00004810   Number         0  fretinf.o(x$fpl$fretinf)
    x$fpl$fretinf                            0x00004810   Section       10  fretinf.o(x$fpl$fretinf)
    $v0                                      0x0000481a   Number         0  printf1.o(x$fpl$printf1)
    x$fpl$printf1                            0x0000481a   Section        4  printf1.o(x$fpl$printf1)
    $v0                                      0x0000481e   Number         0  printf2.o(x$fpl$printf2)
    x$fpl$printf2                            0x0000481e   Section        4  printf2.o(x$fpl$printf2)
    x$fpl$usenofp                            0x00004822   Section        0  usenofp.o(x$fpl$usenofp)
    initial_mbstate                          0x00004824   Data           8  _printf_wctomb.o(.constdata)
    .constdata                               0x00004824   Section        8  _printf_wctomb.o(.constdata)
    uc_hextab                                0x0000482c   Data          20  _printf_hex_int_ll_ptr.o(.constdata)
    .constdata                               0x0000482c   Section       40  _printf_hex_int_ll_ptr.o(.constdata)
    lc_hextab                                0x00004840   Data          20  _printf_hex_int_ll_ptr.o(.constdata)
    maptable                                 0x00004854   Data          17  __printf_flags_ss_wp.o(.constdata)
    .constdata                               0x00004854   Section       17  __printf_flags_ss_wp.o(.constdata)
    C                                        0x00004868   Data          48  cos_i.o(.constdata)
    .constdata                               0x00004868   Section       48  cos_i.o(.constdata)
    pio2s                                    0x00004898   Data          48  rred.o(.constdata)
    .constdata                               0x00004898   Section      204  rred.o(.constdata)
    twooverpi                                0x000048c8   Data         156  rred.o(.constdata)
    S                                        0x00004968   Data          40  sin_i.o(.constdata)
    .constdata                               0x00004968   Section       40  sin_i.o(.constdata)
    lc_hextab                                0x00004990   Data          19  _printf_fp_hex.o(.constdata)
    .constdata                               0x00004990   Section       38  _printf_fp_hex.o(.constdata)
    uc_hextab                                0x000049a3   Data          19  _printf_fp_hex.o(.constdata)
    tenpwrs_x                                0x000049b8   Data          60  bigflt0.o(.constdata)
    .constdata                               0x000049b8   Section      148  bigflt0.o(.constdata)
    tenpwrs_i                                0x000049f4   Data          64  bigflt0.o(.constdata)
    status_rtn                               0x00004aa7   Data          24  vl53l1x_api.o(.rodata.status_rtn)
    [Anonymous Symbol]                       0x00004aa7   Section        0  vl53l1x_api.o(.rodata.status_rtn)
    .L.str.1                                 0x00004abf   Data          29  vl53l1x_api.o(.rodata.str1.1)
    [Anonymous Symbol]                       0x00004abf   Section        0  vl53l1x_api.o(.rodata.str1.1)
    .L.str                                   0x00004adc   Data          22  vl53l1x_api.o(.rodata.str1.1)
    .L.str                                   0x00004af2   Data          20  uart.o(.rodata.str1.1)
    [Anonymous Symbol]                       0x00004af2   Section        0  uart.o(.rodata.str1.1)
    .L.str.1                                 0x00004b06   Data          15  uart.o(.rodata.str1.1)
    .L.str                                   0x00004b15   Data          17  lab8.1.o(.rodata.str1.1)
    .L.str.6                                 0x00004b15   Data          35  lab8.1.o(.rodata.str1.1)
    [Anonymous Symbol]                       0x00004b15   Section        0  lab8.1.o(.rodata.str1.1)
    .L.str.1                                 0x00004b26   Data          20  lab8.1.o(.rodata.str1.1)
    .L.str.2                                 0x00004b3a   Data          24  lab8.1.o(.rodata.str1.1)
    .L.str.5                                 0x00004b75   Data           4  lab8.1.o(.rodata.str1.1)
    .L.str.4                                 0x00004b79   Data           4  lab8.1.o(.rodata.str1.1)
    .L.str.8                                 0x00004b7d   Data           3  lab8.1.o(.rodata.str1.1)
    .L.str.7                                 0x00004b80   Data          11  lab8.1.o(.rodata.str1.1)
    .L.str.3                                 0x00004b8a   Data           1  lab8.1.o(.rodata.str1.1)
    locale$$data                             0x00004bac   Section       28  lc_numeric_c.o(locale$$data)
    __lcnum_c_name                           0x00004bb0   Data           2  lc_numeric_c.o(locale$$data)
    __lcnum_c_start                          0x00004bb8   Data           0  lc_numeric_c.o(locale$$data)
    __lcnum_c_point                          0x00004bc4   Data           0  lc_numeric_c.o(locale$$data)
    __lcnum_c_thousands                      0x00004bc6   Data           0  lc_numeric_c.o(locale$$data)
    __lcnum_c_grouping                       0x00004bc7   Data           0  lc_numeric_c.o(locale$$data)
    __lcnum_c_end                            0x00004bc8   Data           0  lc_numeric_c.o(locale$$data)
    locale$$data                             0x00004bc8   Section      272  lc_ctype_c.o(locale$$data)
    __lcctype_c_name                         0x00004bcc   Data           2  lc_ctype_c.o(locale$$data)
    __lcctype_c_start                        0x00004bd4   Data           0  lc_ctype_c.o(locale$$data)
    __lcctype_c_end                          0x00004cd8   Data           0  lc_ctype_c.o(locale$$data)
    .bss                                     0x20000010   Section       96  libspace.o(.bss)
    printf_buffer                            0x20000080   Data        1023  uart.o(.bss.printf_buffer)
    [Anonymous Symbol]                       0x20000080   Section        0  uart.o(.bss.printf_buffer)
    printf_buffer                            0x2000047f   Data        1023  lab8.1.o(.bss.printf_buffer)
    [Anonymous Symbol]                       0x2000047f   Section        0  lab8.1.o(.bss.printf_buffer)
    Heap_Mem                                 0x20000890   Data           0  startup_msp432e401y_uvision.o(HEAP)
    Stack_Mem                                0x20000890   Data         512  startup_msp432e401y_uvision.o(STACK)
    HEAP                                     0x20000890   Section        0  startup_msp432e401y_uvision.o(HEAP)
    STACK                                    0x20000890   Section      512  startup_msp432e401y_uvision.o(STACK)
    __initial_sp                             0x20000a90   Data           0  startup_msp432e401y_uvision.o(STACK)

    Global Symbols

    Symbol Name                              Value     Ov Type        Size  Object(Section)

    BuildAttributes$$THM_ISAv4$E$P$D$K$B$S$7EM$VFPi3$EXTD16$VFPS$VFMA$PE$A:L22UL41UL21$X:L11$S22US41US21$IEEE1$IW$~IW$USESV6$~STKCKD$USESV7$~SHL$OTIME$ROPI$IEEEX$EBA8$UX$STANDARDLIB$REQ8$PRES8$EABIv2 0x00000000   Number         0  anon$$obj.o ABSOLUTE
    __Vectors                                0x00000000   Data           4  startup_msp432e401y_uvision.o(RESET)
    _printf_flags                            0x00000000   Number         0  printf_stubs.o ABSOLUTE
    _printf_return_value                     0x00000000   Number         0  printf_stubs.o ABSOLUTE
    _printf_sizespec                         0x00000000   Number         0  printf_stubs.o ABSOLUTE
    _printf_widthprec                        0x00000000   Number         0  printf_stubs.o ABSOLUTE
    __ARM_exceptions_init                     - Undefined Weak Reference
    __alloca_initialize                       - Undefined Weak Reference
    __arm_preinit_                            - Undefined Weak Reference
    __arm_relocate_pie_                       - Undefined Weak Reference
    __cpp_initialize__aeabi_                  - Undefined Weak Reference
    __cxa_finalize                            - Undefined Weak Reference
    __sigvec_lookup                           - Undefined Weak Reference
    _atexit_init                              - Undefined Weak Reference
    _call_atexit_fns                          - Undefined Weak Reference
    _clock_init                               - Undefined Weak Reference
    _fp_trap_init                             - Undefined Weak Reference
    _fp_trap_shutdown                         - Undefined Weak Reference
    _get_lc_collate                           - Undefined Weak Reference
    _get_lc_monetary                          - Undefined Weak Reference
    _get_lc_time                              - Undefined Weak Reference
    _getenv_init                              - Undefined Weak Reference
    _handle_redirection                       - Undefined Weak Reference
    _init_alloc                               - Undefined Weak Reference
    _init_user_alloc                          - Undefined Weak Reference
    _initio                                   - Undefined Weak Reference
    _printf_mbtowc                            - Undefined Weak Reference
    _printf_wc                                - Undefined Weak Reference
    _rand_init                                - Undefined Weak Reference
    _signal_finish                            - Undefined Weak Reference
    _signal_init                              - Undefined Weak Reference
    _terminate_alloc                          - Undefined Weak Reference
    _terminate_user_alloc                     - Undefined Weak Reference
    _terminateio                              - Undefined Weak Reference
    __Vectors_End                            0x000001fc   Data           0  startup_msp432e401y_uvision.o(RESET)
    __Vectors_Size                           0x000001fc   Number         0  startup_msp432e401y_uvision.o ABSOLUTE
    __main                                   0x000001fd   Thumb Code     8  __main.o(!!!main)
    __scatterload                            0x00000205   Thumb Code     0  __scatter.o(!!!scatter)
    __scatterload_rt2                        0x00000205   Thumb Code    84  __scatter.o(!!!scatter)
    __scatterload_rt2_thumb_only             0x00000205   Thumb Code     0  __scatter.o(!!!scatter)
    __scatterload_loop                       0x0000020f   Thumb Code     0  __scatter.o(!!!scatter)
    __scatterload_copy                       0x00000261   Thumb Code    26  __scatter_copy.o(!!handler_copy)
    __scatterload_null                       0x0000027d   Thumb Code     2  __scatter.o(!!handler_null)
    __scatterload_zeroinit                   0x00000281   Thumb Code    28  __scatter_zi.o(!!handler_zi)
    _printf_n                                0x0000029d   Thumb Code     0  _printf_n.o(.ARM.Collect$$_printf_percent$$00000001)
    _printf_percent                          0x0000029d   Thumb Code     0  _printf_percent.o(.ARM.Collect$$_printf_percent$$00000000)
    _printf_p                                0x000002a3   Thumb Code     0  _printf_p.o(.ARM.Collect$$_printf_percent$$00000002)
    _printf_f                                0x000002a9   Thumb Code     0  _printf_f.o(.ARM.Collect$$_printf_percent$$00000003)
    _printf_e                                0x000002af   Thumb Code     0  _printf_e.o(.ARM.Collect$$_printf_percent$$00000004)
    _printf_g                                0x000002b5   Thumb Code     0  _printf_g.o(.ARM.Collect$$_printf_percent$$00000005)
    _printf_a                                0x000002bb   Thumb Code     0  _printf_a.o(.ARM.Collect$$_printf_percent$$00000006)
    _printf_ll                               0x000002c1   Thumb Code     0  _printf_ll.o(.ARM.Collect$$_printf_percent$$00000007)
    _printf_i                                0x000002cb   Thumb Code     0  _printf_i.o(.ARM.Collect$$_printf_percent$$00000008)
    _printf_d                                0x000002d1   Thumb Code     0  _printf_d.o(.ARM.Collect$$_printf_percent$$00000009)
    _printf_u                                0x000002d7   Thumb Code     0  _printf_u.o(.ARM.Collect$$_printf_percent$$0000000A)
    _printf_o                                0x000002dd   Thumb Code     0  _printf_o.o(.ARM.Collect$$_printf_percent$$0000000B)
    _printf_x                                0x000002e3   Thumb Code     0  _printf_x.o(.ARM.Collect$$_printf_percent$$0000000C)
    _printf_lli                              0x000002e9   Thumb Code     0  _printf_lli.o(.ARM.Collect$$_printf_percent$$0000000D)
    _printf_lld                              0x000002ef   Thumb Code     0  _printf_lld.o(.ARM.Collect$$_printf_percent$$0000000E)
    _printf_llu                              0x000002f5   Thumb Code     0  _printf_llu.o(.ARM.Collect$$_printf_percent$$0000000F)
    _printf_llo                              0x000002fb   Thumb Code     0  _printf_llo.o(.ARM.Collect$$_printf_percent$$00000010)
    _printf_llx                              0x00000301   Thumb Code     0  _printf_llx.o(.ARM.Collect$$_printf_percent$$00000011)
    _printf_l                                0x00000307   Thumb Code     0  _printf_l.o(.ARM.Collect$$_printf_percent$$00000012)
    _printf_c                                0x00000311   Thumb Code     0  _printf_c.o(.ARM.Collect$$_printf_percent$$00000013)
    _printf_s                                0x00000317   Thumb Code     0  _printf_s.o(.ARM.Collect$$_printf_percent$$00000014)
    _printf_lc                               0x0000031d   Thumb Code     0  _printf_lc.o(.ARM.Collect$$_printf_percent$$00000015)
    _printf_ls                               0x00000323   Thumb Code     0  _printf_ls.o(.ARM.Collect$$_printf_percent$$00000016)
    _printf_percent_end                      0x00000329   Thumb Code     0  _printf_percent_end.o(.ARM.Collect$$_printf_percent$$00000017)
    __rt_lib_init                            0x0000032d   Thumb Code     0  libinit.o(.ARM.Collect$$libinit$$00000000)
    __rt_lib_init_fp_1                       0x0000032f   Thumb Code     0  libinit2.o(.ARM.Collect$$libinit$$00000001)
    __rt_lib_init_heap_1                     0x00000333   Thumb Code     0  libinit2.o(.ARM.Collect$$libinit$$0000000C)
    __rt_lib_init_lc_common                  0x00000333   Thumb Code     0  libinit2.o(.ARM.Collect$$libinit$$00000011)
    __rt_lib_init_preinit_1                  0x00000333   Thumb Code     0  libinit2.o(.ARM.Collect$$libinit$$00000006)
    __rt_lib_init_rand_1                     0x00000333   Thumb Code     0  libinit2.o(.ARM.Collect$$libinit$$00000010)
    __rt_lib_init_relocate_pie_1             0x00000333   Thumb Code     0  libinit2.o(.ARM.Collect$$libinit$$00000004)
    __rt_lib_init_user_alloc_1               0x00000333   Thumb Code     0  libinit2.o(.ARM.Collect$$libinit$$0000000E)
    __rt_lib_init_lc_collate_1               0x00000339   Thumb Code     0  libinit2.o(.ARM.Collect$$libinit$$00000013)
    __rt_lib_init_lc_ctype_2                 0x00000339   Thumb Code     0  libinit2.o(.ARM.Collect$$libinit$$00000014)
    __rt_lib_init_lc_ctype_1                 0x00000345   Thumb Code     0  libinit2.o(.ARM.Collect$$libinit$$00000015)
    __rt_lib_init_lc_monetary_1              0x00000345   Thumb Code     0  libinit2.o(.ARM.Collect$$libinit$$00000017)
    __rt_lib_init_lc_numeric_2               0x00000345   Thumb Code     0  libinit2.o(.ARM.Collect$$libinit$$00000018)
    __rt_lib_init_alloca_1                   0x0000034f   Thumb Code     0  libinit2.o(.ARM.Collect$$libinit$$00000030)
    __rt_lib_init_argv_1                     0x0000034f   Thumb Code     0  libinit2.o(.ARM.Collect$$libinit$$0000002E)
    __rt_lib_init_atexit_1                   0x0000034f   Thumb Code     0  libinit2.o(.ARM.Collect$$libinit$$0000001D)
    __rt_lib_init_clock_1                    0x0000034f   Thumb Code     0  libinit2.o(.ARM.Collect$$libinit$$00000023)
    __rt_lib_init_cpp_1                      0x0000034f   Thumb Code     0  libinit2.o(.ARM.Collect$$libinit$$00000034)
    __rt_lib_init_exceptions_1               0x0000034f   Thumb Code     0  libinit2.o(.ARM.Collect$$libinit$$00000032)
    __rt_lib_init_fp_trap_1                  0x0000034f   Thumb Code     0  libinit2.o(.ARM.Collect$$libinit$$00000021)
    __rt_lib_init_getenv_1                   0x0000034f   Thumb Code     0  libinit2.o(.ARM.Collect$$libinit$$00000025)
    __rt_lib_init_lc_numeric_1               0x0000034f   Thumb Code     0  libinit2.o(.ARM.Collect$$libinit$$00000019)
    __rt_lib_init_lc_time_1                  0x0000034f   Thumb Code     0  libinit2.o(.ARM.Collect$$libinit$$0000001B)
    __rt_lib_init_return                     0x0000034f   Thumb Code     0  libinit2.o(.ARM.Collect$$libinit$$00000035)
    __rt_lib_init_signal_1                   0x0000034f   Thumb Code     0  libinit2.o(.ARM.Collect$$libinit$$0000001F)
    __rt_lib_init_stdio_1                    0x0000034f   Thumb Code     0  libinit2.o(.ARM.Collect$$libinit$$00000027)
    __rt_lib_shutdown                        0x00000351   Thumb Code     0  libshutdown.o(.ARM.Collect$$libshutdown$$00000000)
    __rt_lib_shutdown_cpp_1                  0x00000353   Thumb Code     0  libshutdown2.o(.ARM.Collect$$libshutdown$$00000002)
    __rt_lib_shutdown_fp_trap_1              0x00000353   Thumb Code     0  libshutdown2.o(.ARM.Collect$$libshutdown$$00000007)
    __rt_lib_shutdown_heap_1                 0x00000353   Thumb Code     0  libshutdown2.o(.ARM.Collect$$libshutdown$$0000000F)
    __rt_lib_shutdown_return                 0x00000353   Thumb Code     0  libshutdown2.o(.ARM.Collect$$libshutdown$$00000010)
    __rt_lib_shutdown_signal_1               0x00000353   Thumb Code     0  libshutdown2.o(.ARM.Collect$$libshutdown$$0000000A)
    __rt_lib_shutdown_stdio_1                0x00000353   Thumb Code     0  libshutdown2.o(.ARM.Collect$$libshutdown$$00000004)
    __rt_lib_shutdown_user_alloc_1           0x00000353   Thumb Code     0  libshutdown2.o(.ARM.Collect$$libshutdown$$0000000C)
    __rt_entry                               0x00000355   Thumb Code     0  __rtentry.o(.ARM.Collect$$rtentry$$00000000)
    __rt_entry_presh_1                       0x00000355   Thumb Code     0  __rtentry2.o(.ARM.Collect$$rtentry$$00000002)
    __rt_entry_sh                            0x00000355   Thumb Code     0  __rtentry4.o(.ARM.Collect$$rtentry$$00000004)
    __rt_entry_li                            0x0000035b   Thumb Code     0  __rtentry2.o(.ARM.Collect$$rtentry$$0000000A)
    __rt_entry_postsh_1                      0x0000035b   Thumb Code     0  __rtentry2.o(.ARM.Collect$$rtentry$$00000009)
    __rt_entry_main                          0x0000035f   Thumb Code     0  __rtentry2.o(.ARM.Collect$$rtentry$$0000000D)
    __rt_entry_postli_1                      0x0000035f   Thumb Code     0  __rtentry2.o(.ARM.Collect$$rtentry$$0000000C)
    __rt_exit                                0x00000367   Thumb Code     0  rtexit.o(.ARM.Collect$$rtexit$$00000000)
    __rt_exit_ls                             0x00000369   Thumb Code     0  rtexit2.o(.ARM.Collect$$rtexit$$00000003)
    __rt_exit_prels_1                        0x00000369   Thumb Code     0  rtexit2.o(.ARM.Collect$$rtexit$$00000002)
    __rt_exit_exit                           0x0000036d   Thumb Code     0  rtexit2.o(.ARM.Collect$$rtexit$$00000004)
    Reset_Handler                            0x00000375   Thumb Code     8  startup_msp432e401y_uvision.o(.text)
    NMI_Handler                              0x0000037d   Thumb Code     2  startup_msp432e401y_uvision.o(.text)
    HardFault_Handler                        0x0000037f   Thumb Code     2  startup_msp432e401y_uvision.o(.text)
    MemManage_Handler                        0x00000381   Thumb Code     2  startup_msp432e401y_uvision.o(.text)
    BusFault_Handler                         0x00000383   Thumb Code     2  startup_msp432e401y_uvision.o(.text)
    UsageFault_Handler                       0x00000385   Thumb Code     2  startup_msp432e401y_uvision.o(.text)
    SVC_Handler                              0x00000387   Thumb Code     2  startup_msp432e401y_uvision.o(.text)
    DebugMon_Handler                         0x00000389   Thumb Code     2  startup_msp432e401y_uvision.o(.text)
    PendSV_Handler                           0x0000038b   Thumb Code     2  startup_msp432e401y_uvision.o(.text)
    SysTick_Handler                          0x0000038d   Thumb Code     2  startup_msp432e401y_uvision.o(.text)
    ADC0SS0_IRQHandler                       0x0000038f   Thumb Code     0  startup_msp432e401y_uvision.o(.text)
    ADC0SS1_IRQHandler                       0x0000038f   Thumb Code     0  startup_msp432e401y_uvision.o(.text)
    ADC0SS2_IRQHandler                       0x0000038f   Thumb Code     0  startup_msp432e401y_uvision.o(.text)
    ADC0SS3_IRQHandler                       0x0000038f   Thumb Code     0  startup_msp432e401y_uvision.o(.text)
    ADC1SS0_IRQHandler                       0x0000038f   Thumb Code     0  startup_msp432e401y_uvision.o(.text)
    ADC1SS1_IRQHandler                       0x0000038f   Thumb Code     0  startup_msp432e401y_uvision.o(.text)
    ADC1SS2_IRQHandler                       0x0000038f   Thumb Code     0  startup_msp432e401y_uvision.o(.text)
    ADC1SS3_IRQHandler                       0x0000038f   Thumb Code     0  startup_msp432e401y_uvision.o(.text)
    AES0_IRQHandler                          0x0000038f   Thumb Code     0  startup_msp432e401y_uvision.o(.text)
    CAN0_IRQHandler                          0x0000038f   Thumb Code     0  startup_msp432e401y_uvision.o(.text)
    CAN1_IRQHandler                          0x0000038f   Thumb Code     0  startup_msp432e401y_uvision.o(.text)
    COMP0_IRQHandler                         0x0000038f   Thumb Code     0  startup_msp432e401y_uvision.o(.text)
    COMP1_IRQHandler                         0x0000038f   Thumb Code     0  startup_msp432e401y_uvision.o(.text)
    COMP2_IRQHandler                         0x0000038f   Thumb Code     0  startup_msp432e401y_uvision.o(.text)
    DES0_IRQHandler                          0x0000038f   Thumb Code     0  startup_msp432e401y_uvision.o(.text)
    EMAC0_IRQHandler                         0x0000038f   Thumb Code     0  startup_msp432e401y_uvision.o(.text)
    EPI0_IRQHandler                          0x0000038f   Thumb Code     0  startup_msp432e401y_uvision.o(.text)
    FLASH_IRQHandler                         0x0000038f   Thumb Code     0  startup_msp432e401y_uvision.o(.text)
    GPIOA_IRQHandler                         0x0000038f   Thumb Code     0  startup_msp432e401y_uvision.o(.text)
    GPIOB_IRQHandler                         0x0000038f   Thumb Code     0  startup_msp432e401y_uvision.o(.text)
    GPIOC_IRQHandler                         0x0000038f   Thumb Code     0  startup_msp432e401y_uvision.o(.text)
    GPIOD_IRQHandler                         0x0000038f   Thumb Code     0  startup_msp432e401y_uvision.o(.text)
    GPIOE_IRQHandler                         0x0000038f   Thumb Code     0  startup_msp432e401y_uvision.o(.text)
    GPIOF_IRQHandler                         0x0000038f   Thumb Code     0  startup_msp432e401y_uvision.o(.text)
    GPIOG_IRQHandler                         0x0000038f   Thumb Code     0  startup_msp432e401y_uvision.o(.text)
    GPIOH_IRQHandler                         0x0000038f   Thumb Code     0  startup_msp432e401y_uvision.o(.text)
    GPIOK_IRQHandler                         0x0000038f   Thumb Code     0  startup_msp432e401y_uvision.o(.text)
    GPIOL_IRQHandler                         0x0000038f   Thumb Code     0  startup_msp432e401y_uvision.o(.text)
    GPIOM_IRQHandler                         0x0000038f   Thumb Code     0  startup_msp432e401y_uvision.o(.text)
    GPION_IRQHandler                         0x0000038f   Thumb Code     0  startup_msp432e401y_uvision.o(.text)
    GPIOP0_IRQHandler                        0x0000038f   Thumb Code     0  startup_msp432e401y_uvision.o(.text)
    GPIOP1_IRQHandler                        0x0000038f   Thumb Code     0  startup_msp432e401y_uvision.o(.text)
    GPIOP2_IRQHandler                        0x0000038f   Thumb Code     0  startup_msp432e401y_uvision.o(.text)
    GPIOP3_IRQHandler                        0x0000038f   Thumb Code     0  startup_msp432e401y_uvision.o(.text)
    GPIOP4_IRQHandler                        0x0000038f   Thumb Code     0  startup_msp432e401y_uvision.o(.text)
    GPIOP5_IRQHandler                        0x0000038f   Thumb Code     0  startup_msp432e401y_uvision.o(.text)
    GPIOP6_IRQHandler                        0x0000038f   Thumb Code     0  startup_msp432e401y_uvision.o(.text)
    GPIOP7_IRQHandler                        0x0000038f   Thumb Code     0  startup_msp432e401y_uvision.o(.text)
    GPIOQ0_IRQHandler                        0x0000038f   Thumb Code     0  startup_msp432e401y_uvision.o(.text)
    GPIOQ1_IRQHandler                        0x0000038f   Thumb Code     0  startup_msp432e401y_uvision.o(.text)
    GPIOQ2_IRQHandler                        0x0000038f   Thumb Code     0  startup_msp432e401y_uvision.o(.text)
    GPIOQ3_IRQHandler                        0x0000038f   Thumb Code     0  startup_msp432e401y_uvision.o(.text)
    GPIOQ4_IRQHandler                        0x0000038f   Thumb Code     0  startup_msp432e401y_uvision.o(.text)
    GPIOQ5_IRQHandler                        0x0000038f   Thumb Code     0  startup_msp432e401y_uvision.o(.text)
    GPIOQ6_IRQHandler                        0x0000038f   Thumb Code     0  startup_msp432e401y_uvision.o(.text)
    GPIOQ7_IRQHandler                        0x0000038f   Thumb Code     0  startup_msp432e401y_uvision.o(.text)
    HIBERNATE_IRQHandler                     0x0000038f   Thumb Code     0  startup_msp432e401y_uvision.o(.text)
    I2C0_IRQHandler                          0x0000038f   Thumb Code     0  startup_msp432e401y_uvision.o(.text)
    I2C1_IRQHandler                          0x0000038f   Thumb Code     0  startup_msp432e401y_uvision.o(.text)
    I2C2_IRQHandler                          0x0000038f   Thumb Code     0  startup_msp432e401y_uvision.o(.text)
    I2C3_IRQHandler                          0x0000038f   Thumb Code     0  startup_msp432e401y_uvision.o(.text)
    I2C4_IRQHandler                          0x0000038f   Thumb Code     0  startup_msp432e401y_uvision.o(.text)
    I2C5_IRQHandler                          0x0000038f   Thumb Code     0  startup_msp432e401y_uvision.o(.text)
    I2C6_IRQHandler                          0x0000038f   Thumb Code     0  startup_msp432e401y_uvision.o(.text)
    I2C7_IRQHandler                          0x0000038f   Thumb Code     0  startup_msp432e401y_uvision.o(.text)
    I2C8_IRQHandler                          0x0000038f   Thumb Code     0  startup_msp432e401y_uvision.o(.text)
    I2C9_IRQHandler                          0x0000038f   Thumb Code     0  startup_msp432e401y_uvision.o(.text)
    PWM0_0_IRQHandler                        0x0000038f   Thumb Code     0  startup_msp432e401y_uvision.o(.text)
    PWM0_1_IRQHandler                        0x0000038f   Thumb Code     0  startup_msp432e401y_uvision.o(.text)
    PWM0_2_IRQHandler                        0x0000038f   Thumb Code     0  startup_msp432e401y_uvision.o(.text)
    PWM0_3_IRQHandler                        0x0000038f   Thumb Code     0  startup_msp432e401y_uvision.o(.text)
    PWM0_FAULT_IRQHandler                    0x0000038f   Thumb Code     0  startup_msp432e401y_uvision.o(.text)
    QEI0_IRQHandler                          0x0000038f   Thumb Code     0  startup_msp432e401y_uvision.o(.text)
    SHA0_IRQHandler                          0x0000038f   Thumb Code     0  startup_msp432e401y_uvision.o(.text)
    SSI0_IRQHandler                          0x0000038f   Thumb Code     0  startup_msp432e401y_uvision.o(.text)
    SSI1_IRQHandler                          0x0000038f   Thumb Code     0  startup_msp432e401y_uvision.o(.text)
    SSI2_IRQHandler                          0x0000038f   Thumb Code     0  startup_msp432e401y_uvision.o(.text)
    SSI3_IRQHandler                          0x0000038f   Thumb Code     0  startup_msp432e401y_uvision.o(.text)
    SYSCTL_IRQHandler                        0x0000038f   Thumb Code     0  startup_msp432e401y_uvision.o(.text)
    SYSEXC_IRQHandler                        0x0000038f   Thumb Code     0  startup_msp432e401y_uvision.o(.text)
    TAMPER0_IRQHandler                       0x0000038f   Thumb Code     0  startup_msp432e401y_uvision.o(.text)
    TIMER0A_IRQHandler                       0x0000038f   Thumb Code     0  startup_msp432e401y_uvision.o(.text)
    TIMER0B_IRQHandler                       0x0000038f   Thumb Code     0  startup_msp432e401y_uvision.o(.text)
    TIMER1A_IRQHandler                       0x0000038f   Thumb Code     0  startup_msp432e401y_uvision.o(.text)
    TIMER1B_IRQHandler                       0x0000038f   Thumb Code     0  startup_msp432e401y_uvision.o(.text)
    TIMER2A_IRQHandler                       0x0000038f   Thumb Code     0  startup_msp432e401y_uvision.o(.text)
    TIMER2B_IRQHandler                       0x0000038f   Thumb Code     0  startup_msp432e401y_uvision.o(.text)
    TIMER3B_IRQHandler                       0x0000038f   Thumb Code     0  startup_msp432e401y_uvision.o(.text)
    TIMER4A_IRQHandler                       0x0000038f   Thumb Code     0  startup_msp432e401y_uvision.o(.text)
    TIMER4B_IRQHandler                       0x0000038f   Thumb Code     0  startup_msp432e401y_uvision.o(.text)
    TIMER5A_IRQHandler                       0x0000038f   Thumb Code     0  startup_msp432e401y_uvision.o(.text)
    TIMER5B_IRQHandler                       0x0000038f   Thumb Code     0  startup_msp432e401y_uvision.o(.text)
    TIMER6A_IRQHandler                       0x0000038f   Thumb Code     0  startup_msp432e401y_uvision.o(.text)
    TIMER6B_IRQHandler                       0x0000038f   Thumb Code     0  startup_msp432e401y_uvision.o(.text)
    TIMER7A_IRQHandler                       0x0000038f   Thumb Code     0  startup_msp432e401y_uvision.o(.text)
    TIMER7B_IRQHandler                       0x0000038f   Thumb Code     0  startup_msp432e401y_uvision.o(.text)
    UART0_IRQHandler                         0x0000038f   Thumb Code     0  startup_msp432e401y_uvision.o(.text)
    UART1_IRQHandler                         0x0000038f   Thumb Code     0  startup_msp432e401y_uvision.o(.text)
    UART2_IRQHandler                         0x0000038f   Thumb Code     0  startup_msp432e401y_uvision.o(.text)
    UART3_IRQHandler                         0x0000038f   Thumb Code     0  startup_msp432e401y_uvision.o(.text)
    UART4_IRQHandler                         0x0000038f   Thumb Code     0  startup_msp432e401y_uvision.o(.text)
    UART5_IRQHandler                         0x0000038f   Thumb Code     0  startup_msp432e401y_uvision.o(.text)
    UART6_IRQHandler                         0x0000038f   Thumb Code     0  startup_msp432e401y_uvision.o(.text)
    UART7_IRQHandler                         0x0000038f   Thumb Code     0  startup_msp432e401y_uvision.o(.text)
    UDMAERR_IRQHandler                       0x0000038f   Thumb Code     0  startup_msp432e401y_uvision.o(.text)
    UDMA_IRQHandler                          0x0000038f   Thumb Code     0  startup_msp432e401y_uvision.o(.text)
    USB0_IRQHandler                          0x0000038f   Thumb Code     0  startup_msp432e401y_uvision.o(.text)
    WATCHDOG_IRQHandler                      0x0000038f   Thumb Code     0  startup_msp432e401y_uvision.o(.text)
    __user_initial_stackheap                 0x00000391   Thumb Code    10  startup_msp432e401y_uvision.o(.text)
    sprintf                                  0x000003b1   Thumb Code    38  sprintf.o(.text)
    __use_two_region_memory                  0x000003dd   Thumb Code     2  heapauxi.o(.text)
    __rt_heap_escrow$2region                 0x000003df   Thumb Code     2  heapauxi.o(.text)
    __rt_heap_expand$2region                 0x000003e1   Thumb Code     2  heapauxi.o(.text)
    __read_errno                             0x000003e3   Thumb Code    10  _rserrno.o(.text)
    __set_errno                              0x000003ed   Thumb Code    12  _rserrno.o(.text)
    _printf_pre_padding                      0x000003f9   Thumb Code    44  _printf_pad.o(.text)
    _printf_post_padding                     0x00000425   Thumb Code    34  _printf_pad.o(.text)
    _printf_truncate_signed                  0x00000447   Thumb Code    18  _printf_truncate.o(.text)
    _printf_truncate_unsigned                0x00000459   Thumb Code    18  _printf_truncate.o(.text)
    _printf_str                              0x0000046b   Thumb Code    82  _printf_str.o(.text)
    _printf_int_dec                          0x000004bd   Thumb Code   104  _printf_dec.o(.text)
    _printf_charcount                        0x00000535   Thumb Code    40  _printf_charcount.o(.text)
    _printf_char_common                      0x00000567   Thumb Code    32  _printf_char_common.o(.text)
    _sputc                                   0x0000058d   Thumb Code    10  _sputc.o(.text)
    _printf_wctomb                           0x00000599   Thumb Code   182  _printf_wctomb.o(.text)
    _printf_longlong_dec                     0x00000655   Thumb Code   108  _printf_longlong_dec.o(.text)
    _printf_longlong_oct                     0x000006d1   Thumb Code    68  _printf_oct_int_ll.o(.text)
    _printf_int_oct                          0x00000715   Thumb Code    24  _printf_oct_int_ll.o(.text)
    _printf_ll_oct                           0x0000072d   Thumb Code    12  _printf_oct_int_ll.o(.text)
    _printf_longlong_hex                     0x00000741   Thumb Code    86  _printf_hex_int_ll_ptr.o(.text)
    _printf_int_hex                          0x00000797   Thumb Code    28  _printf_hex_int_ll_ptr.o(.text)
    _printf_ll_hex                           0x000007b3   Thumb Code    12  _printf_hex_int_ll_ptr.o(.text)
    _printf_hex_ptr                          0x000007bf   Thumb Code    18  _printf_hex_int_ll_ptr.o(.text)
    __printf                                 0x000007d5   Thumb Code   388  __printf_flags_ss_wp.o(.text)
    __aeabi_errno_addr                       0x0000095d   Thumb Code     8  rt_errno_addr_intlibspace.o(.text)
    __errno$intlibspace                      0x0000095d   Thumb Code     0  rt_errno_addr_intlibspace.o(.text)
    __rt_errno_addr$intlibspace              0x0000095d   Thumb Code     0  rt_errno_addr_intlibspace.o(.text)
    _ll_udiv10                               0x00000965   Thumb Code   138  lludiv10.o(.text)
    _printf_int_common                       0x000009ef   Thumb Code   178  _printf_intcommon.o(.text)
    _printf_fp_dec_real                      0x00000c51   Thumb Code   620  _printf_fp_dec.o(.text)
    _printf_fp_hex_real                      0x00000ebd   Thumb Code   756  _printf_fp_hex.o(.text)
    _printf_cs_common                        0x000011b9   Thumb Code    20  _printf_char.o(.text)
    _printf_char                             0x000011cd   Thumb Code    16  _printf_char.o(.text)
    _printf_string                           0x000011dd   Thumb Code     8  _printf_char.o(.text)
    _printf_lcs_common                       0x000011e5   Thumb Code    20  _printf_wchar.o(.text)
    _printf_wchar                            0x000011f9   Thumb Code    16  _printf_wchar.o(.text)
    _printf_wstring                          0x00001209   Thumb Code     8  _printf_wchar.o(.text)
    _c16rtomb                                0x00001211   Thumb Code    72  _c16rtomb.o(.text)
    _wcrtomb                                 0x00001211   Thumb Code     0  _c16rtomb.o(.text)
    __user_libspace                          0x00001259   Thumb Code     8  libspace.o(.text)
    __user_perproc_libspace                  0x00001259   Thumb Code     0  libspace.o(.text)
    __user_perthread_libspace                0x00001259   Thumb Code     0  libspace.o(.text)
    __user_setup_stackheap                   0x00001261   Thumb Code    74  sys_stackheap_outer.o(.text)
    __rt_ctype_table                         0x000012ad   Thumb Code    16  rt_ctype_table.o(.text)
    __rt_locale                              0x000012bd   Thumb Code     8  rt_locale_intlibspace.o(.text)
    _printf_fp_infnan                        0x000012c5   Thumb Code   112  _printf_fp_infnan.o(.text)
    _btod_etento                             0x00001345   Thumb Code   224  bigflt0.o(.text)
    exit                                     0x00001429   Thumb Code    18  exit.o(.text)
    strcmp                                   0x00001441   Thumb Code   124  strcmpv7em.o(.text)
    _sys_exit                                0x000014bd   Thumb Code     8  sys_exit.o(.text)
    __I$use$semihosting                      0x000014c9   Thumb Code     0  use_no_semi.o(.text)
    __use_no_semihosting_swi                 0x000014c9   Thumb Code     2  use_no_semi.o(.text)
    __semihosting_library_function           0x000014cb   Thumb Code     0  indicate_semi.o(.text)
    EnableInt                                0x000014cd   Thumb Code     4  lab8.1.o(.text.EnableInt)
    FlashI2CError                            0x000014d1   Thumb Code     8  onboardleds.o(.text.FlashI2CError)
    FlashI2CRx                               0x000014d9   Thumb Code     2  onboardleds.o(.text.FlashI2CRx)
    FlashI2CTx                               0x000014dd   Thumb Code     2  onboardleds.o(.text.FlashI2CTx)
    FlashLED3                                0x000014e1   Thumb Code    66  onboardleds.o(.text.FlashLED3)
    FlashLED4                                0x00001525   Thumb Code    66  onboardleds.o(.text.FlashLED4)
    FlashLEDF                                0x00001569   Thumb Code    58  lab8.1.o(.text.FlashLEDF)
    FlashLEDN                                0x000015a5   Thumb Code    58  lab8.1.o(.text.FlashLEDN)
    GPIOJ_IRQHandler                         0x000015e1   Thumb Code   236  lab8.1.o(.text.GPIOJ_IRQHandler)
    I2C_Init                                 0x000016cd   Thumb Code   148  lab8.1.o(.text.I2C_Init)
    LEDDutyCycle                             0x00001761   Thumb Code    58  lab8.1.o(.text.LEDDutyCycle)
    PLL_Init                                 0x0000179d   Thumb Code   316  pll.o(.text.PLL_Init)
    PortF_Init                               0x000018d9   Thumb Code   104  lab8.1.o(.text.PortF_Init)
    PortG_Init                               0x00001941   Thumb Code   102  lab8.1.o(.text.PortG_Init)
    PortJ_Init                               0x000019a9   Thumb Code   120  lab8.1.o(.text.PortJ_Init)
    PortJ_Interrupt_Init                     0x00001a21   Thumb Code    90  lab8.1.o(.text.PortJ_Interrupt_Init)
    PortM_Init                               0x00001a7d   Thumb Code   104  lab8.1.o(.text.PortM_Init)
    PortN_Init                               0x00001ae5   Thumb Code   112  lab8.1.o(.text.PortN_Init)
    Status_Check                             0x00001b55   Thumb Code    76  uart.o(.text.Status_Check)
    SysTick_Init                             0x00001ba1   Thumb Code    42  systick.o(.text.SysTick_Init)
    SysTick_Wait                             0x00001bcd   Thumb Code    54  systick.o(.text.SysTick_Wait)
    SysTick_Wait10ms                         0x00001c05   Thumb Code    48  systick.o(.text.SysTick_Wait10ms)
    SysTick_Wait10us                         0x00001c35   Thumb Code    44  systick.o(.text.SysTick_Wait10us)
    SystemInit                               0x00001c61   Thumb Code    36  system_msp432e401y.o(.text.SystemInit)
    TIMER3A_IRQHandler                       0x00001c85   Thumb Code    40  lab8.1.o(.text.TIMER3A_IRQHandler)
    Timer3_Init                              0x00001cad   Thumb Code   170  lab8.1.o(.text.Timer3_Init)
    UART_InChar                              0x00001d59   Thumb Code    36  uart.o(.text.UART_InChar)
    UART_Init                                0x00001d7d   Thumb Code   234  uart.o(.text.UART_Init)
    UART_OutChar                             0x00001e69   Thumb Code    46  uart.o(.text.UART_OutChar)
    UART_printf                              0x00001e99   Thumb Code    44  uart.o(.text.UART_printf)
    VL53L1X_BootState                        0x00001ec5   Thumb Code    54  vl53l1x_api.o(.text.VL53L1X_BootState)
    VL53L1X_CheckForDataReady                0x00001efd   Thumb Code   102  vl53l1x_api.o(.text.VL53L1X_CheckForDataReady)
    VL53L1X_ClearInterrupt                   0x00001f65   Thumb Code    38  vl53l1x_api.o(.text.VL53L1X_ClearInterrupt)
    VL53L1X_GetDistance                      0x00001f8d   Thumb Code    48  vl53l1x_api.o(.text.VL53L1X_GetDistance)
    VL53L1X_GetInterruptPolarity             0x00001fbd   Thumb Code    70  vl53l1x_api.o(.text.VL53L1X_GetInterruptPolarity)
    VL53L1X_GetRangeStatus                   0x00002005   Thumb Code    90  vl53l1x_api.o(.text.VL53L1X_GetRangeStatus)
    VL53L1X_SensorInit                       0x00002061   Thumb Code   284  vl53l1x_api.o(.text.VL53L1X_SensorInit)
    VL53L1X_StartRanging                     0x0000217d   Thumb Code    38  vl53l1x_api.o(.text.VL53L1X_StartRanging)
    VL53L1X_StopRanging                      0x000021a5   Thumb Code    36  vl53l1x_api.o(.text.VL53L1X_StopRanging)
    VL53L1_RdByte                            0x000021c9   Thumb Code    50  vl53l1_platform_2dx4.o(.text.VL53L1_RdByte)
    VL53L1_RdWord                            0x000021fd   Thumb Code    76  vl53l1_platform_2dx4.o(.text.VL53L1_RdWord)
    VL53L1_WaitMs                            0x00002249   Thumb Code    54  vl53l1_platform_2dx4.o(.text.VL53L1_WaitMs)
    VL53L1_WrByte                            0x00002281   Thumb Code    48  vl53l1_platform_2dx4.o(.text.VL53L1_WrByte)
    beginRxI2C                               0x000022b1   Thumb Code    36  vl53l1_platform_2dx4.o(.text.beginRxI2C)
    beginTxI2C                               0x000022d5   Thumb Code    36  vl53l1_platform_2dx4.o(.text.beginTxI2C)
    demo2                                    0x000022f9   Thumb Code   888  lab8.1.o(.text.demo2)
    home                                     0x00002679   Thumb Code   198  lab8.1.o(.text.home)
    main                                     0x00002741   Thumb Code   328  lab8.1.o(.text.main)
    readI2C                                  0x00002889   Thumb Code   122  vl53l1_platform_2dx4.o(.text.readI2C)
    writeI2C                                 0x00002905   Thumb Code   276  vl53l1_platform_2dx4.o(.text.writeI2C)
    writeRegisterIndex                       0x00002a19   Thumb Code   240  vl53l1_platform_2dx4.o(.text.writeRegisterIndex)
    writeRegisterIndex_nostop                0x00002b09   Thumb Code   240  vl53l1_platform_2dx4.o(.text.writeRegisterIndex_nostop)
    _btod_d2e                                0x00002bf9   Thumb Code    62  btod.o(CL$$btod_d2e)
    _d2e_denorm_low                          0x00002c37   Thumb Code    70  btod.o(CL$$btod_d2e_denorm_low)
    _d2e_norm_op1                            0x00002c7d   Thumb Code    96  btod.o(CL$$btod_d2e_norm_op1)
    __btod_div_common                        0x00002cdd   Thumb Code   696  btod.o(CL$$btod_div_common)
    _e2e                                     0x00003015   Thumb Code   220  btod.o(CL$$btod_e2e)
    _btod_ediv                               0x000030f1   Thumb Code    42  btod.o(CL$$btod_ediv)
    _btod_emul                               0x0000311b   Thumb Code    42  btod.o(CL$$btod_emul)
    __btod_mult_common                       0x00003145   Thumb Code   580  btod.o(CL$$btod_mult_common)
    __ARM_fpclassify                         0x00003389   Thumb Code    48  fpclassify.o(i.__ARM_fpclassify)
    __hardfp_cos                             0x000033b9   Thumb Code   180  cos.o(i.__hardfp_cos)
    __hardfp_sin                             0x00003481   Thumb Code   180  sin.o(i.__hardfp_sin)
    __ieee754_rem_pio2                       0x00003549   Thumb Code   938  rred.o(i.__ieee754_rem_pio2)
    __kernel_cos                             0x00003981   Thumb Code   322  cos_i.o(i.__kernel_cos)
    __kernel_poly                            0x00003af1   Thumb Code   248  poly.o(i.__kernel_poly)
    __kernel_sin                             0x00003be9   Thumb Code   280  sin_i.o(i.__kernel_sin)
    __mathlib_dbl_infnan                     0x00003d19   Thumb Code    20  dunder.o(i.__mathlib_dbl_infnan)
    __mathlib_dbl_invalid                    0x00003d31   Thumb Code    24  dunder.o(i.__mathlib_dbl_invalid)
    __mathlib_dbl_underflow                  0x00003d51   Thumb Code    24  dunder.o(i.__mathlib_dbl_underflow)
    _is_digit                                0x00003d71   Thumb Code    14  __printf_wp.o(i._is_digit)
    fabs                                     0x00003d7f   Thumb Code    24  fabs.o(i.fabs)
    _get_lc_numeric                          0x00003d99   Thumb Code    44  lc_numeric_c.o(locale$$code)
    _get_lc_ctype                            0x00003dc5   Thumb Code    44  lc_ctype_c.o(locale$$code)
    __aeabi_dneg                             0x00003df1   Thumb Code     0  basic.o(x$fpl$basic)
    _dneg                                    0x00003df1   Thumb Code     6  basic.o(x$fpl$basic)
    __aeabi_fneg                             0x00003df7   Thumb Code     0  basic.o(x$fpl$basic)
    _fneg                                    0x00003df7   Thumb Code     6  basic.o(x$fpl$basic)
    _dabs                                    0x00003dfd   Thumb Code     6  basic.o(x$fpl$basic)
    _fabs                                    0x00003e03   Thumb Code     6  basic.o(x$fpl$basic)
    __aeabi_d2f                              0x00003e09   Thumb Code     0  d2f.o(x$fpl$d2f)
    _d2f                                     0x00003e09   Thumb Code    98  d2f.o(x$fpl$d2f)
    __aeabi_dadd                             0x00003e6d   Thumb Code     0  daddsub_clz.o(x$fpl$dadd)
    _dadd                                    0x00003e6d   Thumb Code   332  daddsub_clz.o(x$fpl$dadd)
    __aeabi_ddiv                             0x00003fbd   Thumb Code     0  ddiv.o(x$fpl$ddiv)
    _ddiv                                    0x00003fbd   Thumb Code   556  ddiv.o(x$fpl$ddiv)
    __aeabi_d2iz                             0x00004271   Thumb Code     0  dfix.o(x$fpl$dfix)
    _dfix                                    0x00004271   Thumb Code    94  dfix.o(x$fpl$dfix)
    __aeabi_i2d                              0x000042cf   Thumb Code     0  dflt_clz.o(x$fpl$dflt)
    _dflt                                    0x000042cf   Thumb Code    46  dflt_clz.o(x$fpl$dflt)
    __aeabi_ui2d                             0x000042fd   Thumb Code     0  dflt_clz.o(x$fpl$dfltu)
    _dfltu                                   0x000042fd   Thumb Code    38  dflt_clz.o(x$fpl$dfltu)
    __aeabi_dmul                             0x00004325   Thumb Code     0  dmul.o(x$fpl$dmul)
    _dmul                                    0x00004325   Thumb Code   332  dmul.o(x$fpl$dmul)
    __fpl_dnaninf                            0x00004479   Thumb Code   156  dnaninf.o(x$fpl$dnaninf)
    __fpl_dretinf                            0x00004515   Thumb Code    12  dretinf.o(x$fpl$dretinf)
    __aeabi_drsub                            0x00004521   Thumb Code     0  daddsub_clz.o(x$fpl$drsb)
    _drsb                                    0x00004521   Thumb Code    22  daddsub_clz.o(x$fpl$drsb)
    __aeabi_dsub                             0x00004539   Thumb Code     0  daddsub_clz.o(x$fpl$dsub)
    _dsub                                    0x00004539   Thumb Code   472  daddsub_clz.o(x$fpl$dsub)
    __aeabi_f2d                              0x00004715   Thumb Code     0  f2d.o(x$fpl$f2d)
    _f2d                                     0x00004715   Thumb Code    86  f2d.o(x$fpl$f2d)
    __fpl_fnaninf                            0x0000476b   Thumb Code   140  fnaninf.o(x$fpl$fnaninf)
    _fp_init                                 0x000047f7   Thumb Code    26  fpinit.o(x$fpl$fpinit)
    __fplib_config_fpu_vfp                   0x0000480f   Thumb Code     0  fpinit.o(x$fpl$fpinit)
    __fplib_config_pureend_doubles           0x0000480f   Thumb Code     0  fpinit.o(x$fpl$fpinit)
    __fpl_fretinf                            0x00004811   Thumb Code    10  fretinf.o(x$fpl$fretinf)
    _printf_fp_dec                           0x0000481b   Thumb Code     4  printf1.o(x$fpl$printf1)
    _printf_fp_hex                           0x0000481f   Thumb Code     4  printf2.o(x$fpl$printf2)
    __I$use$fp                               0x00004822   Number         0  usenofp.o(x$fpl$usenofp)
    VL51L1X_DEFAULT_CONFIGURATION            0x00004a4c   Data          91  vl53l1x_api.o(.rodata.VL51L1X_DEFAULT_CONFIGURATION)
    Region$$Table$$Base                      0x00004b8c   Number         0  anon$$obj.o(Region$$Table)
    Region$$Table$$Limit                     0x00004bac   Number         0  anon$$obj.o(Region$$Table)
    __ctype                                  0x00004bd5   Data           0  lc_ctype_c.o(locale$$data)
    SystemCoreClock                          0x20000000   Data           4  system_msp432e401y.o(.data.SystemCoreClock)
    blink                                    0x20000004   Data           4  lab8.1.o(.data.blink)
    dev                                      0x20000008   Data           2  lab8.1.o(.data.dev)
    pressed2                                 0x2000000c   Data           4  lab8.1.o(.data.pressed2)
    __libspace_start                         0x20000010   Data          96  libspace.o(.bss)
    __temporary_stack_top$libspace           0x20000070   Data           0  libspace.o(.bss)
    done                                     0x20000070   Data           4  lab8.1.o(.bss.done)
    flag                                     0x20000074   Data           4  lab8.1.o(.bss.flag)
    flag2                                    0x20000078   Data           4  lab8.1.o(.bss.flag2)
    pressed                                  0x2000007c   Data           4  lab8.1.o(.bss.pressed)
    returnHome                               0x20000880   Data           4  lab8.1.o(.bss.returnHome)
    skipping                                 0x20000884   Data           4  lab8.1.o(.bss.skipping)
    status                                   0x20000888   Data           4  lab8.1.o(.bss.status)



==============================================================================

Memory Map of the image

  Image Entry point : 0x00000375

  Load Region LR_1 (Base: 0x00000000, Size: 0x00004ce8, Max: 0xffffffff, ABSOLUTE)

    Execution Region ER_RO (Exec base: 0x00000000, Load base: 0x00000000, Size: 0x00004cd8, Max: 0xffffffff, ABSOLUTE)

    Exec Addr    Load Addr    Size         Type   Attr      Idx    E Section Name        Object

    0x00000000   0x00000000   0x000001fc   Data   RO          264    RESET               startup_msp432e401y_uvision.o
    0x000001fc   0x000001fc   0x00000008   Code   RO          289  * !!!main             c_w.l(__main.o)
    0x00000204   0x00000204   0x0000005c   Code   RO          718    !!!scatter          c_w.l(__scatter.o)
    0x00000260   0x00000260   0x0000001a   Code   RO          722    !!handler_copy      c_w.l(__scatter_copy.o)
    0x0000027a   0x0000027a   0x00000002   PAD
    0x0000027c   0x0000027c   0x00000002   Code   RO          719    !!handler_null      c_w.l(__scatter.o)
    0x0000027e   0x0000027e   0x00000002   PAD
    0x00000280   0x00000280   0x0000001c   Code   RO          724    !!handler_zi        c_w.l(__scatter_zi.o)
    0x0000029c   0x0000029c   0x00000000   Code   RO          417    .ARM.Collect$$_printf_percent$$00000000  c_w.l(_printf_percent.o)
    0x0000029c   0x0000029c   0x00000006   Code   RO          406    .ARM.Collect$$_printf_percent$$00000001  c_w.l(_printf_n.o)
    0x000002a2   0x000002a2   0x00000006   Code   RO          408    .ARM.Collect$$_printf_percent$$00000002  c_w.l(_printf_p.o)
    0x000002a8   0x000002a8   0x00000006   Code   RO          413    .ARM.Collect$$_printf_percent$$00000003  c_w.l(_printf_f.o)
    0x000002ae   0x000002ae   0x00000006   Code   RO          414    .ARM.Collect$$_printf_percent$$00000004  c_w.l(_printf_e.o)
    0x000002b4   0x000002b4   0x00000006   Code   RO          415    .ARM.Collect$$_printf_percent$$00000005  c_w.l(_printf_g.o)
    0x000002ba   0x000002ba   0x00000006   Code   RO          416    .ARM.Collect$$_printf_percent$$00000006  c_w.l(_printf_a.o)
    0x000002c0   0x000002c0   0x0000000a   Code   RO          421    .ARM.Collect$$_printf_percent$$00000007  c_w.l(_printf_ll.o)
    0x000002ca   0x000002ca   0x00000006   Code   RO          410    .ARM.Collect$$_printf_percent$$00000008  c_w.l(_printf_i.o)
    0x000002d0   0x000002d0   0x00000006   Code   RO          411    .ARM.Collect$$_printf_percent$$00000009  c_w.l(_printf_d.o)
    0x000002d6   0x000002d6   0x00000006   Code   RO          412    .ARM.Collect$$_printf_percent$$0000000A  c_w.l(_printf_u.o)
    0x000002dc   0x000002dc   0x00000006   Code   RO          409    .ARM.Collect$$_printf_percent$$0000000B  c_w.l(_printf_o.o)
    0x000002e2   0x000002e2   0x00000006   Code   RO          407    .ARM.Collect$$_printf_percent$$0000000C  c_w.l(_printf_x.o)
    0x000002e8   0x000002e8   0x00000006   Code   RO          418    .ARM.Collect$$_printf_percent$$0000000D  c_w.l(_printf_lli.o)
    0x000002ee   0x000002ee   0x00000006   Code   RO          419    .ARM.Collect$$_printf_percent$$0000000E  c_w.l(_printf_lld.o)
    0x000002f4   0x000002f4   0x00000006   Code   RO          420    .ARM.Collect$$_printf_percent$$0000000F  c_w.l(_printf_llu.o)
    0x000002fa   0x000002fa   0x00000006   Code   RO          425    .ARM.Collect$$_printf_percent$$00000010  c_w.l(_printf_llo.o)
    0x00000300   0x00000300   0x00000006   Code   RO          426    .ARM.Collect$$_printf_percent$$00000011  c_w.l(_printf_llx.o)
    0x00000306   0x00000306   0x0000000a   Code   RO          422    .ARM.Collect$$_printf_percent$$00000012  c_w.l(_printf_l.o)
    0x00000310   0x00000310   0x00000006   Code   RO          404    .ARM.Collect$$_printf_percent$$00000013  c_w.l(_printf_c.o)
    0x00000316   0x00000316   0x00000006   Code   RO          405    .ARM.Collect$$_printf_percent$$00000014  c_w.l(_printf_s.o)
    0x0000031c   0x0000031c   0x00000006   Code   RO          423    .ARM.Collect$$_printf_percent$$00000015  c_w.l(_printf_lc.o)
    0x00000322   0x00000322   0x00000006   Code   RO          424    .ARM.Collect$$_printf_percent$$00000016  c_w.l(_printf_ls.o)
    0x00000328   0x00000328   0x00000004   Code   RO          508    .ARM.Collect$$_printf_percent$$00000017  c_w.l(_printf_percent_end.o)
    0x0000032c   0x0000032c   0x00000002   Code   RO          572    .ARM.Collect$$libinit$$00000000  c_w.l(libinit.o)
    0x0000032e   0x0000032e   0x00000004   Code   RO          584    .ARM.Collect$$libinit$$00000001  c_w.l(libinit2.o)
    0x00000332   0x00000332   0x00000000   Code   RO          587    .ARM.Collect$$libinit$$00000004  c_w.l(libinit2.o)
    0x00000332   0x00000332   0x00000000   Code   RO          589    .ARM.Collect$$libinit$$00000006  c_w.l(libinit2.o)
    0x00000332   0x00000332   0x00000000   Code   RO          592    .ARM.Collect$$libinit$$0000000C  c_w.l(libinit2.o)
    0x00000332   0x00000332   0x00000000   Code   RO          594    .ARM.Collect$$libinit$$0000000E  c_w.l(libinit2.o)
    0x00000332   0x00000332   0x00000000   Code   RO          596    .ARM.Collect$$libinit$$00000010  c_w.l(libinit2.o)
    0x00000332   0x00000332   0x00000006   Code   RO          597    .ARM.Collect$$libinit$$00000011  c_w.l(libinit2.o)
    0x00000338   0x00000338   0x00000000   Code   RO          599    .ARM.Collect$$libinit$$00000013  c_w.l(libinit2.o)
    0x00000338   0x00000338   0x0000000c   Code   RO          600    .ARM.Collect$$libinit$$00000014  c_w.l(libinit2.o)
    0x00000344   0x00000344   0x00000000   Code   RO          601    .ARM.Collect$$libinit$$00000015  c_w.l(libinit2.o)
    0x00000344   0x00000344   0x00000000   Code   RO          603    .ARM.Collect$$libinit$$00000017  c_w.l(libinit2.o)
    0x00000344   0x00000344   0x0000000a   Code   RO          604    .ARM.Collect$$libinit$$00000018  c_w.l(libinit2.o)
    0x0000034e   0x0000034e   0x00000000   Code   RO          605    .ARM.Collect$$libinit$$00000019  c_w.l(libinit2.o)
    0x0000034e   0x0000034e   0x00000000   Code   RO          607    .ARM.Collect$$libinit$$0000001B  c_w.l(libinit2.o)
    0x0000034e   0x0000034e   0x00000000   Code   RO          609    .ARM.Collect$$libinit$$0000001D  c_w.l(libinit2.o)
    0x0000034e   0x0000034e   0x00000000   Code   RO          611    .ARM.Collect$$libinit$$0000001F  c_w.l(libinit2.o)
    0x0000034e   0x0000034e   0x00000000   Code   RO          613    .ARM.Collect$$libinit$$00000021  c_w.l(libinit2.o)
    0x0000034e   0x0000034e   0x00000000   Code   RO          615    .ARM.Collect$$libinit$$00000023  c_w.l(libinit2.o)
    0x0000034e   0x0000034e   0x00000000   Code   RO          617    .ARM.Collect$$libinit$$00000025  c_w.l(libinit2.o)
    0x0000034e   0x0000034e   0x00000000   Code   RO          619    .ARM.Collect$$libinit$$00000027  c_w.l(libinit2.o)
    0x0000034e   0x0000034e   0x00000000   Code   RO          623    .ARM.Collect$$libinit$$0000002E  c_w.l(libinit2.o)
    0x0000034e   0x0000034e   0x00000000   Code   RO          625    .ARM.Collect$$libinit$$00000030  c_w.l(libinit2.o)
    0x0000034e   0x0000034e   0x00000000   Code   RO          627    .ARM.Collect$$libinit$$00000032  c_w.l(libinit2.o)
    0x0000034e   0x0000034e   0x00000000   Code   RO          629    .ARM.Collect$$libinit$$00000034  c_w.l(libinit2.o)
    0x0000034e   0x0000034e   0x00000002   Code   RO          630    .ARM.Collect$$libinit$$00000035  c_w.l(libinit2.o)
    0x00000350   0x00000350   0x00000002   Code   RO          654    .ARM.Collect$$libshutdown$$00000000  c_w.l(libshutdown.o)
    0x00000352   0x00000352   0x00000000   Code   RO          669    .ARM.Collect$$libshutdown$$00000002  c_w.l(libshutdown2.o)
    0x00000352   0x00000352   0x00000000   Code   RO          671    .ARM.Collect$$libshutdown$$00000004  c_w.l(libshutdown2.o)
    0x00000352   0x00000352   0x00000000   Code   RO          674    .ARM.Collect$$libshutdown$$00000007  c_w.l(libshutdown2.o)
    0x00000352   0x00000352   0x00000000   Code   RO          677    .ARM.Collect$$libshutdown$$0000000A  c_w.l(libshutdown2.o)
    0x00000352   0x00000352   0x00000000   Code   RO          679    .ARM.Collect$$libshutdown$$0000000C  c_w.l(libshutdown2.o)
    0x00000352   0x00000352   0x00000000   Code   RO          682    .ARM.Collect$$libshutdown$$0000000F  c_w.l(libshutdown2.o)
    0x00000352   0x00000352   0x00000002   Code   RO          683    .ARM.Collect$$libshutdown$$00000010  c_w.l(libshutdown2.o)
    0x00000354   0x00000354   0x00000000   Code   RO          333    .ARM.Collect$$rtentry$$00000000  c_w.l(__rtentry.o)
    0x00000354   0x00000354   0x00000000   Code   RO          472    .ARM.Collect$$rtentry$$00000002  c_w.l(__rtentry2.o)
    0x00000354   0x00000354   0x00000006   Code   RO          484    .ARM.Collect$$rtentry$$00000004  c_w.l(__rtentry4.o)
    0x0000035a   0x0000035a   0x00000000   Code   RO          474    .ARM.Collect$$rtentry$$00000009  c_w.l(__rtentry2.o)
    0x0000035a   0x0000035a   0x00000004   Code   RO          475    .ARM.Collect$$rtentry$$0000000A  c_w.l(__rtentry2.o)
    0x0000035e   0x0000035e   0x00000000   Code   RO          477    .ARM.Collect$$rtentry$$0000000C  c_w.l(__rtentry2.o)
    0x0000035e   0x0000035e   0x00000008   Code   RO          478    .ARM.Collect$$rtentry$$0000000D  c_w.l(__rtentry2.o)
    0x00000366   0x00000366   0x00000002   Code   RO          575    .ARM.Collect$$rtexit$$00000000  c_w.l(rtexit.o)
    0x00000368   0x00000368   0x00000000   Code   RO          632    .ARM.Collect$$rtexit$$00000002  c_w.l(rtexit2.o)
    0x00000368   0x00000368   0x00000004   Code   RO          633    .ARM.Collect$$rtexit$$00000003  c_w.l(rtexit2.o)
    0x0000036c   0x0000036c   0x00000006   Code   RO          634    .ARM.Collect$$rtexit$$00000004  c_w.l(rtexit2.o)
    0x00000372   0x00000372   0x00000002   PAD
    0x00000374   0x00000374   0x0000003c   Code   RO          265  * .text               startup_msp432e401y_uvision.o
    0x000003b0   0x000003b0   0x0000002c   Code   RO          285    .text               c_w.l(sprintf.o)
    0x000003dc   0x000003dc   0x00000006   Code   RO          287    .text               c_w.l(heapauxi.o)
    0x000003e2   0x000003e2   0x00000016   Code   RO          334    .text               c_w.l(_rserrno.o)
    0x000003f8   0x000003f8   0x0000004e   Code   RO          338    .text               c_w.l(_printf_pad.o)
    0x00000446   0x00000446   0x00000024   Code   RO          340    .text               c_w.l(_printf_truncate.o)
    0x0000046a   0x0000046a   0x00000052   Code   RO          342    .text               c_w.l(_printf_str.o)
    0x000004bc   0x000004bc   0x00000078   Code   RO          344    .text               c_w.l(_printf_dec.o)
    0x00000534   0x00000534   0x00000028   Code   RO          346    .text               c_w.l(_printf_charcount.o)
    0x0000055c   0x0000055c   0x00000030   Code   RO          348    .text               c_w.l(_printf_char_common.o)
    0x0000058c   0x0000058c   0x0000000a   Code   RO          350    .text               c_w.l(_sputc.o)
    0x00000596   0x00000596   0x00000002   PAD
    0x00000598   0x00000598   0x000000bc   Code   RO          352    .text               c_w.l(_printf_wctomb.o)
    0x00000654   0x00000654   0x0000007c   Code   RO          355    .text               c_w.l(_printf_longlong_dec.o)
    0x000006d0   0x000006d0   0x00000070   Code   RO          361    .text               c_w.l(_printf_oct_int_ll.o)
    0x00000740   0x00000740   0x00000094   Code   RO          381    .text               c_w.l(_printf_hex_int_ll_ptr.o)
    0x000007d4   0x000007d4   0x00000188   Code   RO          401    .text               c_w.l(__printf_flags_ss_wp.o)
    0x0000095c   0x0000095c   0x00000008   Code   RO          489    .text               c_w.l(rt_errno_addr_intlibspace.o)
    0x00000964   0x00000964   0x0000008a   Code   RO          491    .text               c_w.l(lludiv10.o)
    0x000009ee   0x000009ee   0x000000b2   Code   RO          493    .text               c_w.l(_printf_intcommon.o)
    0x00000aa0   0x00000aa0   0x0000041c   Code   RO          495    .text               c_w.l(_printf_fp_dec.o)
    0x00000ebc   0x00000ebc   0x000002fc   Code   RO          499    .text               c_w.l(_printf_fp_hex.o)
    0x000011b8   0x000011b8   0x0000002c   Code   RO          504    .text               c_w.l(_printf_char.o)
    0x000011e4   0x000011e4   0x0000002c   Code   RO          506    .text               c_w.l(_printf_wchar.o)
    0x00001210   0x00001210   0x00000048   Code   RO          509    .text               c_w.l(_c16rtomb.o)
    0x00001258   0x00001258   0x00000008   Code   RO          521    .text               c_w.l(libspace.o)
    0x00001260   0x00001260   0x0000004a   Code   RO          524    .text               c_w.l(sys_stackheap_outer.o)
    0x000012aa   0x000012aa   0x00000002   PAD
    0x000012ac   0x000012ac   0x00000010   Code   RO          526    .text               c_w.l(rt_ctype_table.o)
    0x000012bc   0x000012bc   0x00000008   Code   RO          531    .text               c_w.l(rt_locale_intlibspace.o)
    0x000012c4   0x000012c4   0x00000080   Code   RO          533    .text               c_w.l(_printf_fp_infnan.o)
    0x00001344   0x00001344   0x000000e4   Code   RO          535    .text               c_w.l(bigflt0.o)
    0x00001428   0x00001428   0x00000012   Code   RO          565    .text               c_w.l(exit.o)
    0x0000143a   0x0000143a   0x00000006   PAD
    0x00001440   0x00001440   0x0000007c   Code   RO          582    .text               c_w.l(strcmpv7em.o)
    0x000014bc   0x000014bc   0x0000000c   Code   RO          644    .text               c_w.l(sys_exit.o)
    0x000014c8   0x000014c8   0x00000002   Code   RO          659    .text               c_w.l(use_no_semi.o)
    0x000014ca   0x000014ca   0x00000000   Code   RO          661    .text               c_w.l(indicate_semi.o)
    0x000014ca   0x000014ca   0x00000002   PAD
    0x000014cc   0x000014cc   0x00000004   Code   RO          221    .text.EnableInt     lab8.1.o
    0x000014d0   0x000014d0   0x00000008   Code   RO          171    .text.FlashI2CError  onboardleds.o
    0x000014d8   0x000014d8   0x00000002   Code   RO          169    .text.FlashI2CRx    onboardleds.o
    0x000014da   0x000014da   0x00000002   PAD
    0x000014dc   0x000014dc   0x00000002   Code   RO          167    .text.FlashI2CTx    onboardleds.o
    0x000014de   0x000014de   0x00000002   PAD
    0x000014e0   0x000014e0   0x00000042   Code   RO          161    .text.FlashLED3     onboardleds.o
    0x00001522   0x00001522   0x00000002   PAD
    0x00001524   0x00001524   0x00000042   Code   RO          163    .text.FlashLED4     onboardleds.o
    0x00001566   0x00001566   0x00000002   PAD
    0x00001568   0x00001568   0x0000003a   Code   RO          207    .text.FlashLEDF     lab8.1.o
    0x000015a2   0x000015a2   0x00000002   PAD
    0x000015a4   0x000015a4   0x0000003a   Code   RO          211    .text.FlashLEDN     lab8.1.o
    0x000015de   0x000015de   0x00000002   PAD
    0x000015e0   0x000015e0   0x000000ec   Code   RO          225    .text.GPIOJ_IRQHandler  lab8.1.o
    0x000016cc   0x000016cc   0x00000094   Code   RO          201    .text.I2C_Init      lab8.1.o
    0x00001760   0x00001760   0x0000003a   Code   RO          233    .text.LEDDutyCycle  lab8.1.o
    0x0000179a   0x0000179a   0x00000002   PAD
    0x0000179c   0x0000179c   0x0000013c   Code   RO            2    .text.PLL_Init      pll.o
    0x000018d8   0x000018d8   0x00000068   Code   RO          219    .text.PortF_Init    lab8.1.o
    0x00001940   0x00001940   0x00000066   Code   RO          203    .text.PortG_Init    lab8.1.o
    0x000019a6   0x000019a6   0x00000002   PAD
    0x000019a8   0x000019a8   0x00000078   Code   RO          213    .text.PortJ_Init    lab8.1.o
    0x00001a20   0x00001a20   0x0000005a   Code   RO          223    .text.PortJ_Interrupt_Init  lab8.1.o
    0x00001a7a   0x00001a7a   0x00000002   PAD
    0x00001a7c   0x00001a7c   0x00000068   Code   RO          217    .text.PortM_Init    lab8.1.o
    0x00001ae4   0x00001ae4   0x00000070   Code   RO          215    .text.PortN_Init    lab8.1.o
    0x00001b54   0x00001b54   0x0000004c   Code   RO          190    .text.Status_Check  uart.o
    0x00001ba0   0x00001ba0   0x0000002a   Code   RO           10    .text.SysTick_Init  systick.o
    0x00001bca   0x00001bca   0x00000002   PAD
    0x00001bcc   0x00001bcc   0x00000036   Code   RO           12    .text.SysTick_Wait  systick.o
    0x00001c02   0x00001c02   0x00000002   PAD
    0x00001c04   0x00001c04   0x00000030   Code   RO           14    .text.SysTick_Wait10ms  systick.o
    0x00001c34   0x00001c34   0x0000002c   Code   RO           16    .text.SysTick_Wait10us  systick.o
    0x00001c60   0x00001c60   0x00000024   Code   RO          274    .text.SystemInit    system_msp432e401y.o
    0x00001c84   0x00001c84   0x00000028   Code   RO          237    .text.TIMER3A_IRQHandler  lab8.1.o
    0x00001cac   0x00001cac   0x000000aa   Code   RO          235    .text.Timer3_Init   lab8.1.o
    0x00001d56   0x00001d56   0x00000002   PAD
    0x00001d58   0x00001d58   0x00000024   Code   RO          184    .text.UART_InChar   uart.o
    0x00001d7c   0x00001d7c   0x000000ea   Code   RO          182    .text.UART_Init     uart.o
    0x00001e66   0x00001e66   0x00000002   PAD
    0x00001e68   0x00001e68   0x0000002e   Code   RO          186    .text.UART_OutChar  uart.o
    0x00001e96   0x00001e96   0x00000002   PAD
    0x00001e98   0x00001e98   0x0000002c   Code   RO          188    .text.UART_printf   uart.o
    0x00001ec4   0x00001ec4   0x00000036   Code   RO           93    .text.VL53L1X_BootState  vl53l1x_api.o
    0x00001efa   0x00001efa   0x00000002   PAD
    0x00001efc   0x00001efc   0x00000066   Code   RO           73    .text.VL53L1X_CheckForDataReady  vl53l1x_api.o
    0x00001f62   0x00001f62   0x00000002   PAD
    0x00001f64   0x00001f64   0x00000026   Code   RO           69    .text.VL53L1X_ClearInterrupt  vl53l1x_api.o
    0x00001f8a   0x00001f8a   0x00000002   PAD
    0x00001f8c   0x00001f8c   0x00000030   Code   RO           97    .text.VL53L1X_GetDistance  vl53l1x_api.o
    0x00001fbc   0x00001fbc   0x00000046   Code   RO           79    .text.VL53L1X_GetInterruptPolarity  vl53l1x_api.o
    0x00002002   0x00002002   0x00000002   PAD
    0x00002004   0x00002004   0x0000005a   Code   RO          109    .text.VL53L1X_GetRangeStatus  vl53l1x_api.o
    0x0000205e   0x0000205e   0x00000002   PAD
    0x00002060   0x00002060   0x0000011c   Code   RO           67    .text.VL53L1X_SensorInit  vl53l1x_api.o
    0x0000217c   0x0000217c   0x00000026   Code   RO           71    .text.VL53L1X_StartRanging  vl53l1x_api.o
    0x000021a2   0x000021a2   0x00000002   PAD
    0x000021a4   0x000021a4   0x00000024   Code   RO           75    .text.VL53L1X_StopRanging  vl53l1x_api.o
    0x000021c8   0x000021c8   0x00000032   Code   RO           47    .text.VL53L1_RdByte  vl53l1_platform_2dx4.o
    0x000021fa   0x000021fa   0x00000002   PAD
    0x000021fc   0x000021fc   0x0000004c   Code   RO           49    .text.VL53L1_RdWord  vl53l1_platform_2dx4.o
    0x00002248   0x00002248   0x00000036   Code   RO           53    .text.VL53L1_WaitMs  vl53l1_platform_2dx4.o
    0x0000227e   0x0000227e   0x00000002   PAD
    0x00002280   0x00002280   0x00000030   Code   RO           41    .text.VL53L1_WrByte  vl53l1_platform_2dx4.o
    0x000022b0   0x000022b0   0x00000024   Code   RO           27    .text.beginRxI2C    vl53l1_platform_2dx4.o
    0x000022d4   0x000022d4   0x00000024   Code   RO           25    .text.beginTxI2C    vl53l1_platform_2dx4.o
    0x000022f8   0x000022f8   0x00000380   Code   RO          231    .text.demo2         lab8.1.o
    0x00002678   0x00002678   0x000000c6   Code   RO          229    .text.home          lab8.1.o
    0x0000273e   0x0000273e   0x00000002   PAD
    0x00002740   0x00002740   0x00000148   Code   RO          239    .text.main          lab8.1.o
    0x00002888   0x00002888   0x0000007a   Code   RO           35    .text.readI2C       vl53l1_platform_2dx4.o
    0x00002902   0x00002902   0x00000002   PAD
    0x00002904   0x00002904   0x00000114   Code   RO           33    .text.writeI2C      vl53l1_platform_2dx4.o
    0x00002a18   0x00002a18   0x000000f0   Code   RO           29    .text.writeRegisterIndex  vl53l1_platform_2dx4.o
    0x00002b08   0x00002b08   0x000000f0   Code   RO           31    .text.writeRegisterIndex_nostop  vl53l1_platform_2dx4.o
    0x00002bf8   0x00002bf8   0x0000003e   Code   RO          538    CL$$btod_d2e        c_w.l(btod.o)
    0x00002c36   0x00002c36   0x00000046   Code   RO          540    CL$$btod_d2e_denorm_low  c_w.l(btod.o)
    0x00002c7c   0x00002c7c   0x00000060   Code   RO          539    CL$$btod_d2e_norm_op1  c_w.l(btod.o)
    0x00002cdc   0x00002cdc   0x00000338   Code   RO          548    CL$$btod_div_common  c_w.l(btod.o)
    0x00003014   0x00003014   0x000000dc   Code   RO          545    CL$$btod_e2e        c_w.l(btod.o)
    0x000030f0   0x000030f0   0x0000002a   Code   RO          542    CL$$btod_ediv       c_w.l(btod.o)
    0x0000311a   0x0000311a   0x0000002a   Code   RO          541    CL$$btod_emul       c_w.l(btod.o)
    0x00003144   0x00003144   0x00000244   Code   RO          547    CL$$btod_mult_common  c_w.l(btod.o)
    0x00003388   0x00003388   0x00000030   Code   RO          517    i.__ARM_fpclassify  m_wm.l(fpclassify.o)
    0x000033b8   0x000033b8   0x000000c8   Code   RO          321    i.__hardfp_cos      m_wm.l(cos.o)
    0x00003480   0x00003480   0x000000c8   Code   RO          327    i.__hardfp_sin      m_wm.l(sin.o)
    0x00003548   0x00003548   0x00000438   Code   RO          463    i.__ieee754_rem_pio2  m_wm.l(rred.o)
    0x00003980   0x00003980   0x00000170   Code   RO          446    i.__kernel_cos      m_wm.l(cos_i.o)
    0x00003af0   0x00003af0   0x000000f8   Code   RO          519    i.__kernel_poly     m_wm.l(poly.o)
    0x00003be8   0x00003be8   0x00000130   Code   RO          468    i.__kernel_sin      m_wm.l(sin_i.o)
    0x00003d18   0x00003d18   0x00000014   Code   RO          450    i.__mathlib_dbl_infnan  m_wm.l(dunder.o)
    0x00003d2c   0x00003d2c   0x00000004   PAD
    0x00003d30   0x00003d30   0x00000020   Code   RO          452    i.__mathlib_dbl_invalid  m_wm.l(dunder.o)
    0x00003d50   0x00003d50   0x00000020   Code   RO          455    i.__mathlib_dbl_underflow  m_wm.l(dunder.o)
    0x00003d70   0x00003d70   0x0000000e   Code   RO          394    i._is_digit         c_w.l(__printf_wp.o)
    0x00003d7e   0x00003d7e   0x00000018   Code   RO          513    i.fabs              m_wm.l(fabs.o)
    0x00003d96   0x00003d96   0x00000002   PAD
    0x00003d98   0x00003d98   0x0000002c   Code   RO          563    locale$$code        c_w.l(lc_numeric_c.o)
    0x00003dc4   0x00003dc4   0x0000002c   Code   RO          580    locale$$code        c_w.l(lc_ctype_c.o)
    0x00003df0   0x00003df0   0x00000018   Code   RO          427    x$fpl$basic         fz_wm.l(basic.o)
    0x00003e08   0x00003e08   0x00000062   Code   RO          291    x$fpl$d2f           fz_wm.l(d2f.o)
    0x00003e6a   0x00003e6a   0x00000002   PAD
    0x00003e6c   0x00003e6c   0x00000150   Code   RO          293    x$fpl$dadd          fz_wm.l(daddsub_clz.o)
    0x00003fbc   0x00003fbc   0x000002b4   Code   RO          300    x$fpl$ddiv          fz_wm.l(ddiv.o)
    0x00004270   0x00004270   0x0000005e   Code   RO          303    x$fpl$dfix          fz_wm.l(dfix.o)
    0x000042ce   0x000042ce   0x0000002e   Code   RO          312    x$fpl$dflt          fz_wm.l(dflt_clz.o)
    0x000042fc   0x000042fc   0x00000026   Code   RO          311    x$fpl$dfltu         fz_wm.l(dflt_clz.o)
    0x00004322   0x00004322   0x00000002   PAD
    0x00004324   0x00004324   0x00000154   Code   RO          317    x$fpl$dmul          fz_wm.l(dmul.o)
    0x00004478   0x00004478   0x0000009c   Code   RO          429    x$fpl$dnaninf       fz_wm.l(dnaninf.o)
    0x00004514   0x00004514   0x0000000c   Code   RO          431    x$fpl$dretinf       fz_wm.l(dretinf.o)
    0x00004520   0x00004520   0x00000016   Code   RO          294    x$fpl$drsb          fz_wm.l(daddsub_clz.o)
    0x00004536   0x00004536   0x00000002   PAD
    0x00004538   0x00004538   0x000001dc   Code   RO          295    x$fpl$dsub          fz_wm.l(daddsub_clz.o)
    0x00004714   0x00004714   0x00000056   Code   RO          319    x$fpl$f2d           fz_wm.l(f2d.o)
    0x0000476a   0x0000476a   0x0000008c   Code   RO          433    x$fpl$fnaninf       fz_wm.l(fnaninf.o)
    0x000047f6   0x000047f6   0x0000001a   Code   RO          642    x$fpl$fpinit        fz_wm.l(fpinit.o)
    0x00004810   0x00004810   0x0000000a   Code   RO          435    x$fpl$fretinf       fz_wm.l(fretinf.o)
    0x0000481a   0x0000481a   0x00000004   Code   RO          437    x$fpl$printf1       fz_wm.l(printf1.o)
    0x0000481e   0x0000481e   0x00000004   Code   RO          439    x$fpl$printf2       fz_wm.l(printf2.o)
    0x00004822   0x00004822   0x00000000   Code   RO          445    x$fpl$usenofp       fz_wm.l(usenofp.o)
    0x00004822   0x00004822   0x00000002   PAD
    0x00004824   0x00004824   0x00000008   Data   RO          353    .constdata          c_w.l(_printf_wctomb.o)
    0x0000482c   0x0000482c   0x00000028   Data   RO          382    .constdata          c_w.l(_printf_hex_int_ll_ptr.o)
    0x00004854   0x00004854   0x00000011   Data   RO          402    .constdata          c_w.l(__printf_flags_ss_wp.o)
    0x00004865   0x00004865   0x00000003   PAD
    0x00004868   0x00004868   0x00000030   Data   RO          447    .constdata          m_wm.l(cos_i.o)
    0x00004898   0x00004898   0x000000cc   Data   RO          465    .constdata          m_wm.l(rred.o)
    0x00004964   0x00004964   0x00000004   PAD
    0x00004968   0x00004968   0x00000028   Data   RO          469    .constdata          m_wm.l(sin_i.o)
    0x00004990   0x00004990   0x00000026   Data   RO          500    .constdata          c_w.l(_printf_fp_hex.o)
    0x000049b6   0x000049b6   0x00000002   PAD
    0x000049b8   0x000049b8   0x00000094   Data   RO          536    .constdata          c_w.l(bigflt0.o)
    0x00004a4c   0x00004a4c   0x0000005b   Data   RO          147    .rodata.VL51L1X_DEFAULT_CONFIGURATION  vl53l1x_api.o
    0x00004aa7   0x00004aa7   0x00000018   Data   RO          149    .rodata.status_rtn  vl53l1x_api.o
    0x00004abf   0x00004abf   0x00000033   Data   RO          148    .rodata.str1.1      vl53l1x_api.o
    0x00004af2   0x00004af2   0x00000023   Data   RO          193    .rodata.str1.1      uart.o
    0x00004b15   0x00004b15   0x00000076   Data   RO          249    .rodata.str1.1      lab8.1.o
    0x00004b8b   0x00004b8b   0x00000001   PAD
    0x00004b8c   0x00004b8c   0x00000020   Data   RO          717    Region$$Table       anon$$obj.o
    0x00004bac   0x00004bac   0x0000001c   Data   RO          562    locale$$data        c_w.l(lc_numeric_c.o)
    0x00004bc8   0x00004bc8   0x00000110   Data   RO          579    locale$$data        c_w.l(lc_ctype_c.o)


    Execution Region ER_RW (Exec base: 0x20000000, Load base: 0x00004cd8, Size: 0x00000010, Max: 0xffffffff, ABSOLUTE)

    Exec Addr    Load Addr    Size         Type   Attr      Idx    E Section Name        Object

    0x20000000   0x00004cd8   0x00000004   Data   RW          276    .data.SystemCoreClock  system_msp432e401y.o
    0x20000004   0x00004cdc   0x00000004   Data   RW          252    .data.blink         lab8.1.o
    0x20000008   0x00004ce0   0x00000002   Data   RW          245    .data.dev           lab8.1.o
    0x2000000a   0x00004ce2   0x00000002   PAD
    0x2000000c   0x00004ce4   0x00000004   Data   RW          242    .data.pressed2      lab8.1.o


    Execution Region ER_ZI (Exec base: 0x20000010, Load base: 0x00004ce8, Size: 0x00000a80, Max: 0xffffffff, ABSOLUTE)

    Exec Addr    Load Addr    Size         Type   Attr      Idx    E Section Name        Object

    0x20000010        -       0x00000060   Zero   RW          522    .bss                c_w.l(libspace.o)
    0x20000070        -       0x00000004   Zero   RW          254    .bss.done           lab8.1.o
    0x20000074        -       0x00000004   Zero   RW          243    .bss.flag           lab8.1.o
    0x20000078        -       0x00000004   Zero   RW          244    .bss.flag2          lab8.1.o
    0x2000007c        -       0x00000004   Zero   RW          241    .bss.pressed        lab8.1.o
    0x20000080        -       0x000003ff   Zero   RW          192    .bss.printf_buffer  uart.o
    0x2000047f        -       0x000003ff   Zero   RW          248    .bss.printf_buffer  lab8.1.o
    0x2000087e   0x00004ce8   0x00000002   PAD
    0x20000880        -       0x00000004   Zero   RW          250    .bss.returnHome     lab8.1.o
    0x20000884        -       0x00000004   Zero   RW          251    .bss.skipping       lab8.1.o
    0x20000888        -       0x00000004   Zero   RW          246    .bss.status         lab8.1.o
    0x2000088c   0x00004ce8   0x00000004   PAD
    0x20000890        -       0x00000000   Zero   RW          263    HEAP                startup_msp432e401y_uvision.o
    0x20000890        -       0x00000200   Zero   RW          262    STACK               startup_msp432e401y_uvision.o


==============================================================================

Image component sizes


      Code (inc. data)   RO Data    RW Data    ZI Data      Debug   Object Name

      2826          8        118         10       1051       5391   lab8.1.o
       144          0          0          0          0       1534   onboardleds.o
       316          0          0          0          0        755   pll.o
        60         22        508          0        512        972   startup_msp432e401y_uvision.o
        36          0          0          4          0       7339   system_msp432e401y.o
       188          0          0          0          0       1088   systick.o
       436          0         35          0       1023       1450   uart.o
      1178          0          0          0          0       4081   vl53l1_platform_2dx4.o
       760          0        166          0          0      11331   vl53l1x_api.o

    ----------------------------------------------------------------------
      5992         30        860         16       2592      33941   Object Totals
         0          0         32          0          0          0   (incl. Generated)
        48          0          1          2          6          0   (incl. Padding)

    ----------------------------------------------------------------------

      Code (inc. data)   RO Data    RW Data    ZI Data      Debug   Library Member Name

         8          0          0          0          0         68   __main.o
       392          4         17          0          0         92   __printf_flags_ss_wp.o
        14          0          0          0          0         68   __printf_wp.o
         0          0          0          0          0          0   __rtentry.o
        12          0          0          0          0          0   __rtentry2.o
         6          0          0          0          0          0   __rtentry4.o
        94          8          0          0          0          0   __scatter.o
        26          0          0          0          0          0   __scatter_copy.o
        28          0          0          0          0          0   __scatter_zi.o
        72          0          0          0          0         96   _c16rtomb.o
         6          0          0          0          0          0   _printf_a.o
         6          0          0          0          0          0   _printf_c.o
        44          0          0          0          0        108   _printf_char.o
        48          6          0          0          0         96   _printf_char_common.o
        40          0          0          0          0         68   _printf_charcount.o
         6          0          0          0          0          0   _printf_d.o
       120         16          0          0          0         92   _printf_dec.o
         6          0          0          0          0          0   _printf_e.o
         6          0          0          0          0          0   _printf_f.o
      1052          0          0          0          0        148   _printf_fp_dec.o
       764          8         38          0          0        100   _printf_fp_hex.o
       128         16          0          0          0         84   _printf_fp_infnan.o
         6          0          0          0          0          0   _printf_g.o
       148          4         40          0          0        160   _printf_hex_int_ll_ptr.o
         6          0          0          0          0          0   _printf_i.o
       178          0          0          0          0         88   _printf_intcommon.o
        10          0          0          0          0          0   _printf_l.o
         6          0          0          0          0          0   _printf_lc.o
        10          0          0          0          0          0   _printf_ll.o
         6          0          0          0          0          0   _printf_lld.o
         6          0          0          0          0          0   _printf_lli.o
         6          0          0          0          0          0   _printf_llo.o
         6          0          0          0          0          0   _printf_llu.o
         6          0          0          0          0          0   _printf_llx.o
       124         16          0          0          0         92   _printf_longlong_dec.o
         6          0          0          0          0          0   _printf_ls.o
         6          0          0          0          0          0   _printf_n.o
         6          0          0          0          0          0   _printf_o.o
       112          8          0          0          0        124   _printf_oct_int_ll.o
         6          0          0          0          0          0   _printf_p.o
        78          0          0          0          0        108   _printf_pad.o
         0          0          0          0          0          0   _printf_percent.o
         4          0          0          0          0          0   _printf_percent_end.o
         6          0          0          0          0          0   _printf_s.o
        82          0          0          0          0         80   _printf_str.o
        36          0          0          0          0         84   _printf_truncate.o
         6          0          0          0          0          0   _printf_u.o
        44          0          0          0          0        108   _printf_wchar.o
       188          6          8          0          0         92   _printf_wctomb.o
         6          0          0          0          0          0   _printf_x.o
        22          0          0          0          0        100   _rserrno.o
        10          0          0          0          0         68   _sputc.o
       228          4        148          0          0         96   bigflt0.o
      1936        128          0          0          0        668   btod.o
        18          0          0          0          0         80   exit.o
         6          0          0          0          0        152   heapauxi.o
         0          0          0          0          0          0   indicate_semi.o
        44         10        272          0          0         76   lc_ctype_c.o
        44         10         28          0          0         76   lc_numeric_c.o
         2          0          0          0          0          0   libinit.o
        34          0          0          0          0          0   libinit2.o
         2          0          0          0          0          0   libshutdown.o
         2          0          0          0          0          0   libshutdown2.o
         8          4          0          0         96         68   libspace.o
       138          0          0          0          0         80   lludiv10.o
        16          4          0          0          0         76   rt_ctype_table.o
         8          4          0          0          0         68   rt_errno_addr_intlibspace.o
         8          4          0          0          0         68   rt_locale_intlibspace.o
         2          0          0          0          0          0   rtexit.o
        10          0          0          0          0          0   rtexit2.o
        44          6          0          0          0         84   sprintf.o
       124          0          0          0          0         88   strcmpv7em.o
        12          4          0          0          0         68   sys_exit.o
        74          0          0          0          0         80   sys_stackheap_outer.o
         2          0          0          0          0         68   use_no_semi.o
        24          0          0          0          0        164   basic.o
        98          4          0          0          0        140   d2f.o
       834         16          0          0          0        516   daddsub_clz.o
       692        140          0          0          0        264   ddiv.o
        94          4          0          0          0        140   dfix.o
        84          0          0          0          0        232   dflt_clz.o
       340         12          0          0          0        152   dmul.o
       156          4          0          0          0        140   dnaninf.o
        12          0          0          0          0        116   dretinf.o
        86          4          0          0          0        132   f2d.o
       140          4          0          0          0        132   fnaninf.o
        26          0          0          0          0        116   fpinit.o
        10          0          0          0          0        116   fretinf.o
         4          0          0          0          0        116   printf1.o
         4          0          0          0          0        116   printf2.o
         0          0          0          0          0          0   usenofp.o
       200         20          0          0          0        164   cos.o
       368         46         48          0          0        200   cos_i.o
        84         16          0          0          0        372   dunder.o
        24          0          0          0          0        124   fabs.o
        48          0          0          0          0        124   fpclassify.o
       248          0          0          0          0        152   poly.o
      1080        142        204          0          0        188   rred.o
       200         20          0          0          0        164   sin.o
       304         24         40          0          0        208   sin_i.o

    ----------------------------------------------------------------------
     11968        726        852          0         96       8308   Library Totals
        32          0          9          0          0          0   (incl. Padding)

    ----------------------------------------------------------------------

      Code (inc. data)   RO Data    RW Data    ZI Data      Debug   Library Name

      6776        270        551          0         96       4020   c_w.l
      2604        188          0          0          0       2592   fz_wm.l
      2556        268        292          0          0       1696   m_wm.l

    ----------------------------------------------------------------------
     11968        726        852          0         96       8308   Library Totals

    ----------------------------------------------------------------------

==============================================================================


      Code (inc. data)   RO Data    RW Data    ZI Data      Debug   

     17960        756       1712         16       2688      37345   Grand Totals
     17960        756       1712         16       2688      37345   ELF Image Totals
     17960        756       1712         16          0          0   ROM Totals

==============================================================================

    Total RO  Size (Code + RO Data)                19672 (  19.21kB)
    Total RW  Size (RW Data + ZI Data)              2704 (   2.64kB)
    Total ROM Size (Code + RO Data + RW Data)      19688 (  19.23kB)

==============================================================================

